Archive member included to satisfy reference by file (symbol)

c:/program files (x86)/atmel/studio/7.0/toolchain/avr8/avr8-gnu-toolchain/bin/../lib/gcc/avr/5.4.0/avr5\libgcc.a(_exit.o)
                              c:/program files (x86)/atmel/studio/7.0/toolchain/avr8/avr8-gnu-toolchain/bin/../lib/gcc/avr/5.4.0/../../../../avr/lib/avr5/crtatmega328p.o (exit)
c:/program files (x86)/atmel/studio/7.0/toolchain/avr8/avr8-gnu-toolchain/bin/../lib/gcc/avr/5.4.0/avr5\libgcc.a(_copy_data.o)
                              ArduinoUnoFreertos.o (__do_copy_data)
c:/program files (x86)/atmel/studio/7.0/toolchain/avr8/avr8-gnu-toolchain/bin/../lib/gcc/avr/5.4.0/avr5\libgcc.a(_clear_bss.o)
                              ArduinoUnoFreertos.o (__do_clear_bss)
c:/program files (x86)/atmel/studio/7.0/toolchain/avr8/avr8-gnu-toolchain/bin/../lib/gcc/avr/5.4.0/../../../../avr/lib/avr5\libc.a(memcpy.o)
                              Source/queue.o (memcpy)

Allocating common symbols
Common symbol       size              file

xQueueRegistry      0x28              Source/queue.o
xQueue              0x2               ArduinoUnoFreertos.o

Discarded input sections

 .data          0x00000000        0x0 c:/program files (x86)/atmel/studio/7.0/toolchain/avr8/avr8-gnu-toolchain/bin/../lib/gcc/avr/5.4.0/../../../../avr/lib/avr5/crtatmega328p.o
 .bss           0x00000000        0x0 c:/program files (x86)/atmel/studio/7.0/toolchain/avr8/avr8-gnu-toolchain/bin/../lib/gcc/avr/5.4.0/../../../../avr/lib/avr5/crtatmega328p.o
 .text          0x00000000        0x0 ArduinoUnoFreertos.o
 .data          0x00000000        0x0 ArduinoUnoFreertos.o
 .bss           0x00000000        0x0 ArduinoUnoFreertos.o
 .text          0x00000000        0x0 Source/croutine.o
 .data          0x00000000        0x0 Source/croutine.o
 .bss           0x00000000        0x0 Source/croutine.o
 .debug_info    0x00000000       0x64 Source/croutine.o
 .debug_abbrev  0x00000000       0x26 Source/croutine.o
 .debug_aranges
                0x00000000       0x18 Source/croutine.o
 .debug_line    0x00000000       0x1a Source/croutine.o
 .debug_str     0x00000000      0x18a Source/croutine.o
 .comment       0x00000000       0x31 Source/croutine.o
 .text          0x00000000        0x0 Source/event_groups.o
 .data          0x00000000        0x0 Source/event_groups.o
 .bss           0x00000000        0x0 Source/event_groups.o
 .text.xEventGroupCreate
                0x00000000       0x26 Source/event_groups.o
 .text.xEventGroupWaitBits
                0x00000000      0x110 Source/event_groups.o
 .text.xEventGroupClearBits
                0x00000000       0x1e Source/event_groups.o
 .text.xEventGroupGetBitsFromISR
                0x00000000        0x8 Source/event_groups.o
 .text.xEventGroupSetBits
                0x00000000       0xdc Source/event_groups.o
 .text.xEventGroupSync
                0x00000000       0xd2 Source/event_groups.o
 .text.vEventGroupDelete
                0x00000000       0x32 Source/event_groups.o
 .text.vEventGroupSetBitsCallback
                0x00000000        0x8 Source/event_groups.o
 .text.vEventGroupClearBitsCallback
                0x00000000        0x8 Source/event_groups.o
 .debug_info    0x00000000      0x8ed Source/event_groups.o
 .debug_abbrev  0x00000000      0x205 Source/event_groups.o
 .debug_loc     0x00000000      0xb40 Source/event_groups.o
 .debug_aranges
                0x00000000       0x60 Source/event_groups.o
 .debug_ranges  0x00000000       0x68 Source/event_groups.o
 .debug_line    0x00000000      0x3d3 Source/event_groups.o
 .debug_str     0x00000000      0x5a4 Source/event_groups.o
 .comment       0x00000000       0x31 Source/event_groups.o
 .debug_frame   0x00000000      0x158 Source/event_groups.o
 .text          0x00000000        0x0 Source/list.o
 .data          0x00000000        0x0 Source/list.o
 .bss           0x00000000        0x0 Source/list.o
 .text          0x00000000        0x0 Source/portable/GCC/Atmega328p/port.o
 .data          0x00000000        0x0 Source/portable/GCC/Atmega328p/port.o
 .bss           0x00000000        0x0 Source/portable/GCC/Atmega328p/port.o
 .text.vPortEndScheduler
                0x00000000        0x2 Source/portable/GCC/Atmega328p/port.o
 .bss.ulPendingInterrupts
                0x00000000        0x1 Source/portable/GCC/Atmega328p/port.o
 .text          0x00000000        0x0 Source/portable/MemMang/heap_2.o
 .data          0x00000000        0x0 Source/portable/MemMang/heap_2.o
 .bss           0x00000000        0x0 Source/portable/MemMang/heap_2.o
 .text.xPortGetFreeHeapSize
                0x00000000        0xa Source/portable/MemMang/heap_2.o
 .text.vPortInitialiseBlocks
                0x00000000        0x2 Source/portable/MemMang/heap_2.o
 .text          0x00000000        0x0 Source/queue.o
 .data          0x00000000        0x0 Source/queue.o
 .bss           0x00000000        0x0 Source/queue.o
 .text.prvCopyDataToQueue
                0x00000000       0x96 Source/queue.o
 .text.prvNotifyQueueSetContainer
                0x00000000       0x72 Source/queue.o
 .text.prvCopyDataFromQueue
                0x00000000       0x34 Source/queue.o
 .text.prvUnlockQueue
                0x00000000       0xa8 Source/queue.o
 .text.xQueueGenericReset
                0x00000000       0x7a Source/queue.o
 .text.xQueueGenericCreate
                0x00000000       0x5c Source/queue.o
 .text.xQueueGenericSend
                0x00000000      0x15e Source/queue.o
 .text.xQueueGenericSendFromISR
                0x00000000       0x9e Source/queue.o
 .text.xQueueGiveFromISR
                0x00000000       0x7a Source/queue.o
 .text.xQueueGenericReceive
                0x00000000      0x158 Source/queue.o
 .text.xQueueReceiveFromISR
                0x00000000       0x66 Source/queue.o
 .text.xQueuePeekFromISR
                0x00000000       0x2e Source/queue.o
 .text.uxQueueMessagesWaiting
                0x00000000       0x10 Source/queue.o
 .text.uxQueueSpacesAvailable
                0x00000000       0x14 Source/queue.o
 .text.uxQueueMessagesWaitingFromISR
                0x00000000        0x6 Source/queue.o
 .text.xQueueIsQueueEmptyFromISR
                0x00000000        0xc Source/queue.o
 .text.xQueueIsQueueFullFromISR
                0x00000000        0xe Source/queue.o
 .text.vQueueAddToRegistry
                0x00000000       0x4e Source/queue.o
 .text.vQueueUnregisterQueue
                0x00000000       0x4a Source/queue.o
 .text.vQueueDelete
                0x00000000       0x16 Source/queue.o
 .text.xQueueCreateSet
                0x00000000        0xa Source/queue.o
 .text.xQueueAddToSet
                0x00000000       0x2a Source/queue.o
 .text.xQueueRemoveFromSet
                0x00000000       0x2c Source/queue.o
 .text.xQueueSelectFromSet
                0x00000000       0x2a Source/queue.o
 .text.xQueueSelectFromSetFromISR
                0x00000000       0x2a Source/queue.o
 .debug_info    0x00000000     0x1378 Source/queue.o
 .debug_abbrev  0x00000000      0x290 Source/queue.o
 .debug_loc     0x00000000     0x1721 Source/queue.o
 .debug_aranges
                0x00000000       0xe0 Source/queue.o
 .debug_ranges  0x00000000       0xd0 Source/queue.o
 .debug_line    0x00000000      0x9f2 Source/queue.o
 .debug_str     0x00000000      0x846 Source/queue.o
 .comment       0x00000000       0x31 Source/queue.o
 .debug_frame   0x00000000      0x304 Source/queue.o
 COMMON         0x00000000       0x28 Source/queue.o
 .text          0x00000000        0x0 Source/tasks.o
 .data          0x00000000        0x0 Source/tasks.o
 .bss           0x00000000        0x0 Source/tasks.o
 .text.vTaskDelete
                0x00000000       0x8e Source/tasks.o
 .text.uxTaskPriorityGet
                0x00000000       0x1c Source/tasks.o
 .text.uxTaskPriorityGetFromISR
                0x00000000       0x12 Source/tasks.o
 .text.vTaskPrioritySet
                0x00000000       0xf2 Source/tasks.o
 .text.vTaskResume
                0x00000000       0x9e Source/tasks.o
 .text.xTaskResumeFromISR
                0x00000000       0xae Source/tasks.o
 .text.vTaskEndScheduler
                0x00000000        0xc Source/tasks.o
 .text.xTaskGetTickCountFromISR
                0x00000000        0xa Source/tasks.o
 .text.uxTaskGetNumberOfTasks
                0x00000000        0x6 Source/tasks.o
 .text.vTaskDelay
                0x00000000       0x40 Source/tasks.o
 .text.vTaskSuspend
                0x00000000       0x9e Source/tasks.o
 .text.vTaskPlaceOnEventList
                0x00000000       0x58 Source/tasks.o
 .text.vTaskPlaceOnUnorderedEventList
                0x00000000       0x66 Source/tasks.o
 .text.xTaskRemoveFromEventList
                0x00000000       0x90 Source/tasks.o
 .text.xTaskRemoveFromUnorderedEventList
                0x00000000       0x74 Source/tasks.o
 .text.vTaskSetTimeOutState
                0x00000000       0x16 Source/tasks.o
 .text.xTaskCheckForTimeOut
                0x00000000       0x72 Source/tasks.o
 .text.vTaskMissedYield
                0x00000000        0x8 Source/tasks.o
 .text.uxTaskResetEventItemValue
                0x00000000       0x2e Source/tasks.o
 .text.ulTaskNotifyTake
                0x00000000       0xec Source/tasks.o
 .text.xTaskNotifyWait
                0x00000000      0x13e Source/tasks.o
 .text.xTaskGenericNotify
                0x00000000       0xfc Source/tasks.o
 .text.xTaskNotifyFromISR
                0x00000000      0x110 Source/tasks.o
 .text.vTaskNotifyGiveFromISR
                0x00000000       0xae Source/tasks.o
 .text          0x00000000        0x0 Source/timers.o
 .data          0x00000000        0x0 Source/timers.o
 .bss           0x00000000        0x0 Source/timers.o
 .debug_info    0x00000000       0x64 Source/timers.o
 .debug_abbrev  0x00000000       0x26 Source/timers.o
 .debug_aranges
                0x00000000       0x18 Source/timers.o
 .debug_line    0x00000000       0x1a Source/timers.o
 .debug_str     0x00000000      0x188 Source/timers.o
 .comment       0x00000000       0x31 Source/timers.o
 .text          0x00000000        0x0 USART/USART.o
 .data          0x00000000        0x0 USART/USART.o
 .bss           0x00000000        0x0 USART/USART.o
 .text.USART_receive
                0x00000000       0x10 USART/USART.o
 .text          0x00000000        0x0 c:/program files (x86)/atmel/studio/7.0/toolchain/avr8/avr8-gnu-toolchain/bin/../lib/gcc/avr/5.4.0/avr5\libgcc.a(_exit.o)
 .data          0x00000000        0x0 c:/program files (x86)/atmel/studio/7.0/toolchain/avr8/avr8-gnu-toolchain/bin/../lib/gcc/avr/5.4.0/avr5\libgcc.a(_exit.o)
 .bss           0x00000000        0x0 c:/program files (x86)/atmel/studio/7.0/toolchain/avr8/avr8-gnu-toolchain/bin/../lib/gcc/avr/5.4.0/avr5\libgcc.a(_exit.o)
 .text.libgcc.mul
                0x00000000        0x0 c:/program files (x86)/atmel/studio/7.0/toolchain/avr8/avr8-gnu-toolchain/bin/../lib/gcc/avr/5.4.0/avr5\libgcc.a(_exit.o)
 .text.libgcc.div
                0x00000000        0x0 c:/program files (x86)/atmel/studio/7.0/toolchain/avr8/avr8-gnu-toolchain/bin/../lib/gcc/avr/5.4.0/avr5\libgcc.a(_exit.o)
 .text.libgcc   0x00000000        0x0 c:/program files (x86)/atmel/studio/7.0/toolchain/avr8/avr8-gnu-toolchain/bin/../lib/gcc/avr/5.4.0/avr5\libgcc.a(_exit.o)
 .text.libgcc.prologue
                0x00000000        0x0 c:/program files (x86)/atmel/studio/7.0/toolchain/avr8/avr8-gnu-toolchain/bin/../lib/gcc/avr/5.4.0/avr5\libgcc.a(_exit.o)
 .text.libgcc.builtins
                0x00000000        0x0 c:/program files (x86)/atmel/studio/7.0/toolchain/avr8/avr8-gnu-toolchain/bin/../lib/gcc/avr/5.4.0/avr5\libgcc.a(_exit.o)
 .text.libgcc.fmul
                0x00000000        0x0 c:/program files (x86)/atmel/studio/7.0/toolchain/avr8/avr8-gnu-toolchain/bin/../lib/gcc/avr/5.4.0/avr5\libgcc.a(_exit.o)
 .text.libgcc.fixed
                0x00000000        0x0 c:/program files (x86)/atmel/studio/7.0/toolchain/avr8/avr8-gnu-toolchain/bin/../lib/gcc/avr/5.4.0/avr5\libgcc.a(_exit.o)
 .text          0x00000000        0x0 c:/program files (x86)/atmel/studio/7.0/toolchain/avr8/avr8-gnu-toolchain/bin/../lib/gcc/avr/5.4.0/avr5\libgcc.a(_copy_data.o)
 .data          0x00000000        0x0 c:/program files (x86)/atmel/studio/7.0/toolchain/avr8/avr8-gnu-toolchain/bin/../lib/gcc/avr/5.4.0/avr5\libgcc.a(_copy_data.o)
 .bss           0x00000000        0x0 c:/program files (x86)/atmel/studio/7.0/toolchain/avr8/avr8-gnu-toolchain/bin/../lib/gcc/avr/5.4.0/avr5\libgcc.a(_copy_data.o)
 .text.libgcc.mul
                0x00000000        0x0 c:/program files (x86)/atmel/studio/7.0/toolchain/avr8/avr8-gnu-toolchain/bin/../lib/gcc/avr/5.4.0/avr5\libgcc.a(_copy_data.o)
 .text.libgcc.div
                0x00000000        0x0 c:/program files (x86)/atmel/studio/7.0/toolchain/avr8/avr8-gnu-toolchain/bin/../lib/gcc/avr/5.4.0/avr5\libgcc.a(_copy_data.o)
 .text.libgcc   0x00000000        0x0 c:/program files (x86)/atmel/studio/7.0/toolchain/avr8/avr8-gnu-toolchain/bin/../lib/gcc/avr/5.4.0/avr5\libgcc.a(_copy_data.o)
 .text.libgcc.prologue
                0x00000000        0x0 c:/program files (x86)/atmel/studio/7.0/toolchain/avr8/avr8-gnu-toolchain/bin/../lib/gcc/avr/5.4.0/avr5\libgcc.a(_copy_data.o)
 .text.libgcc.builtins
                0x00000000        0x0 c:/program files (x86)/atmel/studio/7.0/toolchain/avr8/avr8-gnu-toolchain/bin/../lib/gcc/avr/5.4.0/avr5\libgcc.a(_copy_data.o)
 .text.libgcc.fmul
                0x00000000        0x0 c:/program files (x86)/atmel/studio/7.0/toolchain/avr8/avr8-gnu-toolchain/bin/../lib/gcc/avr/5.4.0/avr5\libgcc.a(_copy_data.o)
 .text.libgcc.fixed
                0x00000000        0x0 c:/program files (x86)/atmel/studio/7.0/toolchain/avr8/avr8-gnu-toolchain/bin/../lib/gcc/avr/5.4.0/avr5\libgcc.a(_copy_data.o)
 .text          0x00000000        0x0 c:/program files (x86)/atmel/studio/7.0/toolchain/avr8/avr8-gnu-toolchain/bin/../lib/gcc/avr/5.4.0/avr5\libgcc.a(_clear_bss.o)
 .data          0x00000000        0x0 c:/program files (x86)/atmel/studio/7.0/toolchain/avr8/avr8-gnu-toolchain/bin/../lib/gcc/avr/5.4.0/avr5\libgcc.a(_clear_bss.o)
 .bss           0x00000000        0x0 c:/program files (x86)/atmel/studio/7.0/toolchain/avr8/avr8-gnu-toolchain/bin/../lib/gcc/avr/5.4.0/avr5\libgcc.a(_clear_bss.o)
 .text.libgcc.mul
                0x00000000        0x0 c:/program files (x86)/atmel/studio/7.0/toolchain/avr8/avr8-gnu-toolchain/bin/../lib/gcc/avr/5.4.0/avr5\libgcc.a(_clear_bss.o)
 .text.libgcc.div
                0x00000000        0x0 c:/program files (x86)/atmel/studio/7.0/toolchain/avr8/avr8-gnu-toolchain/bin/../lib/gcc/avr/5.4.0/avr5\libgcc.a(_clear_bss.o)
 .text.libgcc   0x00000000        0x0 c:/program files (x86)/atmel/studio/7.0/toolchain/avr8/avr8-gnu-toolchain/bin/../lib/gcc/avr/5.4.0/avr5\libgcc.a(_clear_bss.o)
 .text.libgcc.prologue
                0x00000000        0x0 c:/program files (x86)/atmel/studio/7.0/toolchain/avr8/avr8-gnu-toolchain/bin/../lib/gcc/avr/5.4.0/avr5\libgcc.a(_clear_bss.o)
 .text.libgcc.builtins
                0x00000000        0x0 c:/program files (x86)/atmel/studio/7.0/toolchain/avr8/avr8-gnu-toolchain/bin/../lib/gcc/avr/5.4.0/avr5\libgcc.a(_clear_bss.o)
 .text.libgcc.fmul
                0x00000000        0x0 c:/program files (x86)/atmel/studio/7.0/toolchain/avr8/avr8-gnu-toolchain/bin/../lib/gcc/avr/5.4.0/avr5\libgcc.a(_clear_bss.o)
 .text.libgcc.fixed
                0x00000000        0x0 c:/program files (x86)/atmel/studio/7.0/toolchain/avr8/avr8-gnu-toolchain/bin/../lib/gcc/avr/5.4.0/avr5\libgcc.a(_clear_bss.o)
 .text          0x00000000        0x0 c:/program files (x86)/atmel/studio/7.0/toolchain/avr8/avr8-gnu-toolchain/bin/../lib/gcc/avr/5.4.0/../../../../avr/lib/avr5\libc.a(memcpy.o)
 .data          0x00000000        0x0 c:/program files (x86)/atmel/studio/7.0/toolchain/avr8/avr8-gnu-toolchain/bin/../lib/gcc/avr/5.4.0/../../../../avr/lib/avr5\libc.a(memcpy.o)
 .bss           0x00000000        0x0 c:/program files (x86)/atmel/studio/7.0/toolchain/avr8/avr8-gnu-toolchain/bin/../lib/gcc/avr/5.4.0/../../../../avr/lib/avr5\libc.a(memcpy.o)
 .text.avr-libc
                0x00000000       0x12 c:/program files (x86)/atmel/studio/7.0/toolchain/avr8/avr8-gnu-toolchain/bin/../lib/gcc/avr/5.4.0/../../../../avr/lib/avr5\libc.a(memcpy.o)

Memory Configuration

Name             Origin             Length             Attributes
text             0x00000000         0x00020000         xr
data             0x00800060         0x0000ffa0         rw !x
eeprom           0x00810000         0x00010000         rw !x
fuse             0x00820000         0x00000003         rw !x
lock             0x00830000         0x00000400         rw !x
signature        0x00840000         0x00000400         rw !x
user_signatures  0x00850000         0x00000400         rw !x
*default*        0x00000000         0xffffffff

Linker script and memory map

Address of section .data set to 0x800100
LOAD c:/program files (x86)/atmel/studio/7.0/toolchain/avr8/avr8-gnu-toolchain/bin/../lib/gcc/avr/5.4.0/../../../../avr/lib/avr5/crtatmega328p.o
LOAD ArduinoUnoFreertos.o
LOAD Source/croutine.o
LOAD Source/event_groups.o
LOAD Source/list.o
LOAD Source/portable/GCC/Atmega328p/port.o
LOAD Source/portable/MemMang/heap_2.o
LOAD Source/queue.o
LOAD Source/tasks.o
LOAD Source/timers.o
LOAD USART/USART.o
START GROUP
LOAD c:/program files (x86)/atmel/studio/7.0/toolchain/avr8/avr8-gnu-toolchain/bin/../lib/gcc/avr/5.4.0/../../../../avr/lib/avr5\libm.a
END GROUP
START GROUP
LOAD c:/program files (x86)/atmel/studio/7.0/toolchain/avr8/avr8-gnu-toolchain/bin/../lib/gcc/avr/5.4.0/avr5\libgcc.a
LOAD c:/program files (x86)/atmel/studio/7.0/toolchain/avr8/avr8-gnu-toolchain/bin/../lib/gcc/avr/5.4.0/../../../../avr/lib/avr5\libm.a
LOAD c:/program files (x86)/atmel/studio/7.0/toolchain/avr8/avr8-gnu-toolchain/bin/../lib/gcc/avr/5.4.0/../../../../avr/lib/avr5\libc.a
LOAD c:/program files (x86)/atmel/studio/7.0/toolchain/avr8/avr8-gnu-toolchain/bin/../lib/gcc/avr/5.4.0/../../../../avr/lib/avr5\libatmega328p.a
END GROUP
                0x00020000                __TEXT_REGION_LENGTH__ = DEFINED (__TEXT_REGION_LENGTH__)?__TEXT_REGION_LENGTH__:0x20000
                0x0000ffa0                __DATA_REGION_LENGTH__ = DEFINED (__DATA_REGION_LENGTH__)?__DATA_REGION_LENGTH__:0xffa0
                0x00010000                __EEPROM_REGION_LENGTH__ = DEFINED (__EEPROM_REGION_LENGTH__)?__EEPROM_REGION_LENGTH__:0x10000
                [0x00000003]                __FUSE_REGION_LENGTH__ = DEFINED (__FUSE_REGION_LENGTH__)?__FUSE_REGION_LENGTH__:0x400
                0x00000400                __LOCK_REGION_LENGTH__ = DEFINED (__LOCK_REGION_LENGTH__)?__LOCK_REGION_LENGTH__:0x400
                0x00000400                __SIGNATURE_REGION_LENGTH__ = DEFINED (__SIGNATURE_REGION_LENGTH__)?__SIGNATURE_REGION_LENGTH__:0x400
                0x00000400                __USER_SIGNATURE_REGION_LENGTH__ = DEFINED (__USER_SIGNATURE_REGION_LENGTH__)?__USER_SIGNATURE_REGION_LENGTH__:0x400

.hash
 *(.hash)

.dynsym
 *(.dynsym)

.dynstr
 *(.dynstr)

.gnu.version
 *(.gnu.version)

.gnu.version_d
 *(.gnu.version_d)

.gnu.version_r
 *(.gnu.version_r)

.rel.init
 *(.rel.init)

.rela.init
 *(.rela.init)

.rel.text
 *(.rel.text)
 *(.rel.text.*)
 *(.rel.gnu.linkonce.t*)

.rela.text
 *(.rela.text)
 *(.rela.text.*)
 *(.rela.gnu.linkonce.t*)

.rel.fini
 *(.rel.fini)

.rela.fini
 *(.rela.fini)

.rel.rodata
 *(.rel.rodata)
 *(.rel.rodata.*)
 *(.rel.gnu.linkonce.r*)

.rela.rodata
 *(.rela.rodata)
 *(.rela.rodata.*)
 *(.rela.gnu.linkonce.r*)

.rel.data
 *(.rel.data)
 *(.rel.data.*)
 *(.rel.gnu.linkonce.d*)

.rela.data
 *(.rela.data)
 *(.rela.data.*)
 *(.rela.gnu.linkonce.d*)

.rel.ctors
 *(.rel.ctors)

.rela.ctors
 *(.rela.ctors)

.rel.dtors
 *(.rel.dtors)

.rela.dtors
 *(.rela.dtors)

.rel.got
 *(.rel.got)

.rela.got
 *(.rela.got)

.rel.bss
 *(.rel.bss)

.rela.bss
 *(.rela.bss)

.rel.plt
 *(.rel.plt)

.rela.plt
 *(.rela.plt)

.text           0x00000000      0xeae
 *(.vectors)
 .vectors       0x00000000       0x68 c:/program files (x86)/atmel/studio/7.0/toolchain/avr8/avr8-gnu-toolchain/bin/../lib/gcc/avr/5.4.0/../../../../avr/lib/avr5/crtatmega328p.o
                0x00000000                __vector_default
                0x00000000                __vectors
 *(.vectors)
 *(.progmem.gcc*)
                0x00000068                . = ALIGN (0x2)
                0x00000068                __trampolines_start = .
 *(.trampolines)
 .trampolines   0x00000068        0x0 linker stubs
 *(.trampolines*)
                0x00000068                __trampolines_end = .
 *libprintf_flt.a:*(.progmem.data)
 *libc.a:*(.progmem.data)
 *(.progmem*)
                0x00000068                . = ALIGN (0x2)
 *(.jumptables)
 *(.jumptables*)
 *(.lowtext)
 *(.lowtext*)
                0x00000068                __ctors_start = .
 *(.ctors)
                0x00000068                __ctors_end = .
                0x00000068                __dtors_start = .
 *(.dtors)
                0x00000068                __dtors_end = .
 SORT(*)(.ctors)
 SORT(*)(.dtors)
 *(.init0)
 .init0         0x00000068        0x0 c:/program files (x86)/atmel/studio/7.0/toolchain/avr8/avr8-gnu-toolchain/bin/../lib/gcc/avr/5.4.0/../../../../avr/lib/avr5/crtatmega328p.o
                0x00000068                __init
 *(.init0)
 *(.init1)
 *(.init1)
 *(.init2)
 .init2         0x00000068        0xc c:/program files (x86)/atmel/studio/7.0/toolchain/avr8/avr8-gnu-toolchain/bin/../lib/gcc/avr/5.4.0/../../../../avr/lib/avr5/crtatmega328p.o
 *(.init2)
 *(.init3)
 *(.init3)
 *(.init4)
 .init4         0x00000074       0x16 c:/program files (x86)/atmel/studio/7.0/toolchain/avr8/avr8-gnu-toolchain/bin/../lib/gcc/avr/5.4.0/avr5\libgcc.a(_copy_data.o)
                0x00000074                __do_copy_data
 .init4         0x0000008a       0x10 c:/program files (x86)/atmel/studio/7.0/toolchain/avr8/avr8-gnu-toolchain/bin/../lib/gcc/avr/5.4.0/avr5\libgcc.a(_clear_bss.o)
                0x0000008a                __do_clear_bss
 *(.init4)
 *(.init5)
 *(.init5)
 *(.init6)
 *(.init6)
 *(.init7)
 *(.init7)
 *(.init8)
 *(.init8)
 *(.init9)
 .init9         0x0000009a        0x8 c:/program files (x86)/atmel/studio/7.0/toolchain/avr8/avr8-gnu-toolchain/bin/../lib/gcc/avr/5.4.0/../../../../avr/lib/avr5/crtatmega328p.o
 *(.init9)
 *(.text)
 .text          0x000000a2        0x4 c:/program files (x86)/atmel/studio/7.0/toolchain/avr8/avr8-gnu-toolchain/bin/../lib/gcc/avr/5.4.0/../../../../avr/lib/avr5/crtatmega328p.o
                0x000000a2                __vector_22
                0x000000a2                __vector_1
                0x000000a2                __vector_24
                0x000000a2                __vector_12
                0x000000a2                __bad_interrupt
                0x000000a2                __vector_6
                0x000000a2                __vector_3
                0x000000a2                __vector_23
                0x000000a2                __vector_25
                0x000000a2                __vector_13
                0x000000a2                __vector_17
                0x000000a2                __vector_19
                0x000000a2                __vector_7
                0x000000a2                __vector_5
                0x000000a2                __vector_4
                0x000000a2                __vector_9
                0x000000a2                __vector_2
                0x000000a2                __vector_21
                0x000000a2                __vector_15
                0x000000a2                __vector_8
                0x000000a2                __vector_14
                0x000000a2                __vector_10
                0x000000a2                __vector_18
                0x000000a2                __vector_20
                0x000000a6                . = ALIGN (0x2)
 *(.text.*)
 .text.vReceiverTask
                0x000000a6        0xa ArduinoUnoFreertos.o
 .text.vSenderTask
                0x000000b0       0x30 ArduinoUnoFreertos.o
 .text.main     0x000000e0       0x6c ArduinoUnoFreertos.o
                0x000000e0                main
 .text.vListInitialise
                0x0000014c       0x1c Source/list.o
                0x0000014c                vListInitialise
 .text.vListInitialiseItem
                0x00000168        0x8 Source/list.o
                0x00000168                vListInitialiseItem
 .text.vListInsertEnd
                0x00000170       0x42 Source/list.o
                0x00000170                vListInsertEnd
 .text.vListInsert
                0x000001b2       0x62 Source/list.o
                0x000001b2                vListInsert
 .text.uxListRemove
                0x00000214       0x4c Source/list.o
                0x00000214                uxListRemove
 .text.pxPortInitialiseStack
                0x00000260       0xd8 Source/portable/GCC/Atmega328p/port.o
                0x00000260                pxPortInitialiseStack
 .text.xPortStartScheduler
                0x00000338       0x74 Source/portable/GCC/Atmega328p/port.o
                0x00000338                xPortStartScheduler
 .text.vPortYield
                0x000003ac       0xb2 Source/portable/GCC/Atmega328p/port.o
                0x000003ac                vPortYield
 .text.__vector_16
                0x0000045e       0x14 Source/portable/GCC/Atmega328p/port.o
                0x0000045e                __vector_16
 .text.vPortYieldFromTick
                0x00000472       0xb8 Source/portable/GCC/Atmega328p/port.o
                0x00000472                vPortYieldFromTick
 .text.__vector_11
                0x0000052a        0x6 Source/portable/GCC/Atmega328p/port.o
                0x0000052a                __vector_11
 .text.pvPortMalloc
                0x00000530      0x134 Source/portable/MemMang/heap_2.o
                0x00000530                pvPortMalloc
 .text.vPortFree
                0x00000664       0x66 Source/portable/MemMang/heap_2.o
                0x00000664                vPortFree
 .text.prvResetNextTaskUnblockTime
                0x000006ca       0x3e Source/tasks.o
 .text.prvAddCurrentTaskToDelayedList
                0x00000708       0x6e Source/tasks.o
 .text.xTaskGenericCreate
                0x00000776      0x222 Source/tasks.o
                0x00000776                xTaskGenericCreate
 .text.vTaskStartScheduler
                0x00000998       0x56 Source/tasks.o
                0x00000998                vTaskStartScheduler
 .text.vTaskSuspendAll
                0x000009ee        0xc Source/tasks.o
                0x000009ee                vTaskSuspendAll
 .text.xTaskGetTickCount
                0x000009fa       0x14 Source/tasks.o
                0x000009fa                xTaskGetTickCount
 .text.xTaskIncrementTick
                0x00000a0e      0x17a Source/tasks.o
                0x00000a0e                xTaskIncrementTick
 .text.xTaskResumeAll
                0x00000b88      0x104 Source/tasks.o
                0x00000b88                xTaskResumeAll
 .text.vTaskDelayUntil
                0x00000c8c       0x84 Source/tasks.o
                0x00000c8c                vTaskDelayUntil
 .text.prvIdleTask
                0x00000d10       0x7a Source/tasks.o
 .text.vTaskSwitchContext
                0x00000d8a       0xda Source/tasks.o
                0x00000d8a                vTaskSwitchContext
 .text.USART_init
                0x00000e64       0x18 USART/USART.o
                0x00000e64                USART_init
 .text.USART_send
                0x00000e7c       0x10 USART/USART.o
                0x00000e7c                USART_send
 .text.USART_sendstr
                0x00000e8c       0x1e USART/USART.o
                0x00000e8c                USART_sendstr
                0x00000eaa                . = ALIGN (0x2)
 *(.fini9)
 .fini9         0x00000eaa        0x0 c:/program files (x86)/atmel/studio/7.0/toolchain/avr8/avr8-gnu-toolchain/bin/../lib/gcc/avr/5.4.0/avr5\libgcc.a(_exit.o)
                0x00000eaa                _exit
                0x00000eaa                exit
 *(.fini9)
 *(.fini8)
 *(.fini8)
 *(.fini7)
 *(.fini7)
 *(.fini6)
 *(.fini6)
 *(.fini5)
 *(.fini5)
 *(.fini4)
 *(.fini4)
 *(.fini3)
 *(.fini3)
 *(.fini2)
 *(.fini2)
 *(.fini1)
 *(.fini1)
 *(.fini0)
 .fini0         0x00000eaa        0x4 c:/program files (x86)/atmel/studio/7.0/toolchain/avr8/avr8-gnu-toolchain/bin/../lib/gcc/avr/5.4.0/avr5\libgcc.a(_exit.o)
 *(.fini0)
                0x00000eae                _etext = .

.data           0x00800100       0xa4 load address 0x00000eae
                0x00800100                PROVIDE (__data_start, .)
 *(.data)
 *(.data*)
 .data.xFreeBytesRemaining
                0x00800100        0x2 Source/portable/MemMang/heap_2.o
 .data.xNextTaskUnblockTime
                0x00800102        0x2 Source/tasks.o
 *(.gnu.linkonce.d*)
 *(.rodata)
 *(.rodata*)
 .rodata.str1.1
                0x00800104       0x9a ArduinoUnoFreertos.o
                                 0x9d (size before relaxing)
 .rodata.str1.1
                0x0080019e        0x5 Source/tasks.o
 *(.gnu.linkonce.r*)
                0x008001a4                . = ALIGN (0x2)
 *fill*         0x008001a3        0x1 
                0x008001a4                _edata = .
                0x008001a4                PROVIDE (__data_end, .)

.bss            0x008001a4      0x649
                0x008001a4                PROVIDE (__bss_start, .)
 *(.bss)
 *(.bss*)
 .bss.xHeapHasBeenInitialised.2022
                0x008001a4        0x1 Source/portable/MemMang/heap_2.o
 .bss.xEnd      0x008001a5        0x4 Source/portable/MemMang/heap_2.o
 .bss.xStart    0x008001a9        0x4 Source/portable/MemMang/heap_2.o
 .bss.ucHeap    0x008001ad      0x5dc Source/portable/MemMang/heap_2.o
 .bss.uxSchedulerSuspended
                0x00800789        0x1 Source/tasks.o
 .bss.uxTaskNumber
                0x0080078a        0x1 Source/tasks.o
 .bss.xNumOfOverflows
                0x0080078b        0x1 Source/tasks.o
 .bss.xYieldPending
                0x0080078c        0x1 Source/tasks.o
 .bss.uxPendedTicks
                0x0080078d        0x1 Source/tasks.o
 .bss.xSchedulerRunning
                0x0080078e        0x1 Source/tasks.o
 .bss.uxTopReadyPriority
                0x0080078f        0x1 Source/tasks.o
 .bss.xTickCount
                0x00800790        0x2 Source/tasks.o
 .bss.uxCurrentNumberOfTasks
                0x00800792        0x1 Source/tasks.o
 .bss.xSuspendedTaskList
                0x00800793        0x9 Source/tasks.o
 .bss.uxTasksDeleted
                0x0080079c        0x1 Source/tasks.o
 .bss.xTasksWaitingTermination
                0x0080079d        0x9 Source/tasks.o
 .bss.xPendingReadyList
                0x008007a6        0x9 Source/tasks.o
 .bss.pxOverflowDelayedTaskList
                0x008007af        0x2 Source/tasks.o
 .bss.pxDelayedTaskList
                0x008007b1        0x2 Source/tasks.o
 .bss.xDelayedTaskList2
                0x008007b3        0x9 Source/tasks.o
 .bss.xDelayedTaskList1
                0x008007bc        0x9 Source/tasks.o
 .bss.pxReadyTasksLists
                0x008007c5       0x24 Source/tasks.o
 .bss.pxCurrentTCB
                0x008007e9        0x2 Source/tasks.o
                0x008007e9                pxCurrentTCB
 *(COMMON)
 COMMON         0x008007eb        0x2 ArduinoUnoFreertos.o
                0x008007eb                xQueue
                0x008007ed                PROVIDE (__bss_end, .)
                0x00000eae                __data_load_start = LOADADDR (.data)
                0x00000f52                __data_load_end = (__data_load_start + SIZEOF (.data))

.noinit         0x008007ed        0x0
                [!provide]                PROVIDE (__noinit_start, .)
 *(.noinit*)
                [!provide]                PROVIDE (__noinit_end, .)
                0x008007ed                _end = .
                [!provide]                PROVIDE (__heap_start, .)

.eeprom         0x00810000        0x0
 *(.eeprom*)
                0x00810000                __eeprom_end = .

.fuse
 *(.fuse)
 *(.lfuse)
 *(.hfuse)
 *(.efuse)

.lock
 *(.lock*)

.signature
 *(.signature*)

.user_signatures
 *(.user_signatures*)

.stab
 *(.stab)

.stabstr
 *(.stabstr)

.stab.excl
 *(.stab.excl)

.stab.exclstr
 *(.stab.exclstr)

.stab.index
 *(.stab.index)

.stab.indexstr
 *(.stab.indexstr)

.comment        0x00000000       0x30
 *(.comment)
 .comment       0x00000000       0x30 ArduinoUnoFreertos.o
                                 0x31 (size before relaxing)
 .comment       0x00000030       0x31 Source/list.o
 .comment       0x00000030       0x31 Source/portable/GCC/Atmega328p/port.o
 .comment       0x00000030       0x31 Source/portable/MemMang/heap_2.o
 .comment       0x00000030       0x31 Source/tasks.o
 .comment       0x00000030       0x31 USART/USART.o

.note.gnu.avr.deviceinfo
                0x00000000       0x40
 .note.gnu.avr.deviceinfo
                0x00000000       0x40 c:/program files (x86)/atmel/studio/7.0/toolchain/avr8/avr8-gnu-toolchain/bin/../lib/gcc/avr/5.4.0/../../../../avr/lib/avr5/crtatmega328p.o

.note.gnu.build-id
 *(.note.gnu.build-id)

.debug
 *(.debug)

.line
 *(.line)

.debug_srcinfo
 *(.debug_srcinfo)

.debug_sfnames
 *(.debug_sfnames)

.debug_aranges  0x00000000      0x260
 *(.debug_aranges)
 .debug_aranges
                0x00000000       0x30 ArduinoUnoFreertos.o
 .debug_aranges
                0x00000030       0x40 Source/list.o
 .debug_aranges
                0x00000070       0x50 Source/portable/GCC/Atmega328p/port.o
 .debug_aranges
                0x000000c0       0x38 Source/portable/MemMang/heap_2.o
 .debug_aranges
                0x000000f8      0x130 Source/tasks.o
 .debug_aranges
                0x00000228       0x38 USART/USART.o

.debug_pubnames
 *(.debug_pubnames)

.debug_info     0x00000000     0x2f84
 *(.debug_info .gnu.linkonce.wi.*)
 .debug_info    0x00000000      0x5f4 c:/program files (x86)/atmel/studio/7.0/toolchain/avr8/avr8-gnu-toolchain/bin/../lib/gcc/avr/5.4.0/../../../../avr/lib/avr5/crtatmega328p.o
 .debug_info    0x000005f4      0x3b6 ArduinoUnoFreertos.o
 .debug_info    0x000009aa      0x2c6 Source/list.o
 .debug_info    0x00000c70      0x2e0 Source/portable/GCC/Atmega328p/port.o
 .debug_info    0x00000f50      0x33a Source/portable/MemMang/heap_2.o
 .debug_info    0x0000128a     0x1bef Source/tasks.o
 .debug_info    0x00002e79      0x10b USART/USART.o

.debug_abbrev   0x00000000      0xf40
 *(.debug_abbrev)
 .debug_abbrev  0x00000000      0x5a2 c:/program files (x86)/atmel/studio/7.0/toolchain/avr8/avr8-gnu-toolchain/bin/../lib/gcc/avr/5.4.0/../../../../avr/lib/avr5/crtatmega328p.o
 .debug_abbrev  0x000005a2      0x152 ArduinoUnoFreertos.o
 .debug_abbrev  0x000006f4       0xf8 Source/list.o
 .debug_abbrev  0x000007ec      0x1bc Source/portable/GCC/Atmega328p/port.o
 .debug_abbrev  0x000009a8      0x1ba Source/portable/MemMang/heap_2.o
 .debug_abbrev  0x00000b62      0x2fe Source/tasks.o
 .debug_abbrev  0x00000e60       0xe0 USART/USART.o

.debug_line     0x00000000     0x19e2
 *(.debug_line .debug_line.* .debug_line_end)
 .debug_line    0x00000000       0x1a c:/program files (x86)/atmel/studio/7.0/toolchain/avr8/avr8-gnu-toolchain/bin/../lib/gcc/avr/5.4.0/../../../../avr/lib/avr5/crtatmega328p.o
 .debug_line    0x0000001a      0x180 ArduinoUnoFreertos.o
 .debug_line    0x0000019a      0x208 Source/list.o
 .debug_line    0x000003a2      0x2f4 Source/portable/GCC/Atmega328p/port.o
 .debug_line    0x00000696      0x2ca Source/portable/MemMang/heap_2.o
 .debug_line    0x00000960      0xf4c Source/tasks.o
 .debug_line    0x000018ac      0x136 USART/USART.o

.debug_frame    0x00000000      0x6d8
 *(.debug_frame)
 .debug_frame   0x00000000       0x54 ArduinoUnoFreertos.o
 .debug_frame   0x00000054       0x88 Source/list.o
 .debug_frame   0x000000dc       0x90 Source/portable/GCC/Atmega328p/port.o
 .debug_frame   0x0000016c       0x7c Source/portable/MemMang/heap_2.o
 .debug_frame   0x000001e8      0x490 Source/tasks.o
 .debug_frame   0x00000678       0x60 USART/USART.o

.debug_str      0x00000000     0x1121
 *(.debug_str)
 .debug_str     0x00000000      0x208 c:/program files (x86)/atmel/studio/7.0/toolchain/avr8/avr8-gnu-toolchain/bin/../lib/gcc/avr/5.4.0/../../../../avr/lib/avr5/crtatmega328p.o
 .debug_str     0x00000208      0x23f ArduinoUnoFreertos.o
                                0x298 (size before relaxing)
 .debug_str     0x00000447      0x13a Source/list.o
                                0x2c0 (size before relaxing)
 .debug_str     0x00000581      0x18e Source/portable/GCC/Atmega328p/port.o
                                0x32f (size before relaxing)
 .debug_str     0x0000070f      0x17e Source/portable/MemMang/heap_2.o
                                0x323 (size before relaxing)
 .debug_str     0x0000088d      0x865 Source/tasks.o
                                0xc4d (size before relaxing)
 .debug_str     0x000010f2       0x2f USART/USART.o
                                0x1b7 (size before relaxing)

.debug_loc      0x00000000     0x2597
 *(.debug_loc)
 .debug_loc     0x00000000       0x94 ArduinoUnoFreertos.o
 .debug_loc     0x00000094      0x145 Source/list.o
 .debug_loc     0x000001d9      0x2cf Source/portable/GCC/Atmega328p/port.o
 .debug_loc     0x000004a8      0x2ef Source/portable/MemMang/heap_2.o
 .debug_loc     0x00000797     0x1d52 Source/tasks.o
 .debug_loc     0x000024e9       0xae USART/USART.o

.debug_macinfo
 *(.debug_macinfo)

.debug_weaknames
 *(.debug_weaknames)

.debug_funcnames
 *(.debug_funcnames)

.debug_typenames
 *(.debug_typenames)

.debug_varnames
 *(.debug_varnames)

.debug_pubtypes
 *(.debug_pubtypes)

.debug_ranges   0x00000000      0x278
 *(.debug_ranges)
 .debug_ranges  0x00000000       0x20 ArduinoUnoFreertos.o
 .debug_ranges  0x00000020       0x30 Source/list.o
 .debug_ranges  0x00000050       0x40 Source/portable/GCC/Atmega328p/port.o
 .debug_ranges  0x00000090       0x28 Source/portable/MemMang/heap_2.o
 .debug_ranges  0x000000b8      0x198 Source/tasks.o
 .debug_ranges  0x00000250       0x28 USART/USART.o

.debug_macro
 *(.debug_macro)
OUTPUT(ArduinoUnoFreertos.elf elf32-avr)
LOAD linker stubs
