Archive member included to satisfy reference by file (symbol)

c:/program files (x86)/atmel/studio/7.0/toolchain/avr8/avr8-gnu-toolchain/bin/../lib/gcc/avr/4.9.2/avr5\libgcc.a(_exit.o)
                              C:/Program Files (x86)/Atmel/Studio/7.0/Packs/atmel/ATmega_DFP/1.1.130/gcc/dev/atmega328p/avr5/crtatmega328p.o (exit)
c:/program files (x86)/atmel/studio/7.0/toolchain/avr8/avr8-gnu-toolchain/bin/../lib/gcc/avr/4.9.2/avr5\libgcc.a(_copy_data.o)
                              ArduinoUnoFreertos.o (__do_copy_data)
c:/program files (x86)/atmel/studio/7.0/toolchain/avr8/avr8-gnu-toolchain/bin/../lib/gcc/avr/4.9.2/avr5\libgcc.a(_clear_bss.o)
                              Source/croutine.o (__do_clear_bss)
c:/program files (x86)/atmel/studio/7.0/toolchain/avr8/avr8-gnu-toolchain/bin/../lib/gcc/avr/4.9.2/../../../../avr/lib/avr5\libc.a(memcpy.o)
                              Source/queue.o (memcpy)
c:/program files (x86)/atmel/studio/7.0/toolchain/avr8/avr8-gnu-toolchain/bin/../lib/gcc/avr/4.9.2/../../../../avr/lib/avr5\libc.a(puts.o)
                              ArduinoUnoFreertos.o (puts)
c:/program files (x86)/atmel/studio/7.0/toolchain/avr8/avr8-gnu-toolchain/bin/../lib/gcc/avr/4.9.2/../../../../avr/lib/avr5\libc.a(iob.o)
                              c:/program files (x86)/atmel/studio/7.0/toolchain/avr8/avr8-gnu-toolchain/bin/../lib/gcc/avr/4.9.2/../../../../avr/lib/avr5\libc.a(puts.o) (__iob)

Allocating common symbols
Common symbol       size              file

__iob               0x6               c:/program files (x86)/atmel/studio/7.0/toolchain/avr8/avr8-gnu-toolchain/bin/../lib/gcc/avr/4.9.2/../../../../avr/lib/avr5\libc.a(iob.o)

Discarded input sections

 .data          0x00000000        0x0 C:/Program Files (x86)/Atmel/Studio/7.0/Packs/atmel/ATmega_DFP/1.1.130/gcc/dev/atmega328p/avr5/crtatmega328p.o
 .bss           0x00000000        0x0 C:/Program Files (x86)/Atmel/Studio/7.0/Packs/atmel/ATmega_DFP/1.1.130/gcc/dev/atmega328p/avr5/crtatmega328p.o
 .text          0x00000000        0x0 ArduinoUnoFreertos.o
 .data          0x00000000        0x0 ArduinoUnoFreertos.o
 .bss           0x00000000        0x0 ArduinoUnoFreertos.o
 .text          0x00000000        0x0 Source/croutine.o
 .data          0x00000000        0x0 Source/croutine.o
 .bss           0x00000000        0x0 Source/croutine.o
 .bss.pxReadyCoRoutineLists
                0x00000000       0x12 Source/croutine.o
 .bss.xDelayedCoRoutineList1
                0x00000000        0x9 Source/croutine.o
 .bss.xDelayedCoRoutineList2
                0x00000000        0x9 Source/croutine.o
 .bss.pxDelayedCoRoutineList
                0x00000000        0x2 Source/croutine.o
 .bss.pxOverflowDelayedCoRoutineList
                0x00000000        0x2 Source/croutine.o
 .bss.xPendingReadyCoRoutineList
                0x00000000        0x9 Source/croutine.o
 .bss.pxCurrentCoRoutine
                0x00000000        0x2 Source/croutine.o
 .bss.uxTopCoRoutineReadyPriority
                0x00000000        0x1 Source/croutine.o
 .bss.xCoRoutineTickCount
                0x00000000        0x2 Source/croutine.o
 .bss.xLastTickCount
                0x00000000        0x2 Source/croutine.o
 .bss.xPassedTicks
                0x00000000        0x2 Source/croutine.o
 .text.xCoRoutineCreate
                0x00000000      0x138 Source/croutine.o
 .text.vCoRoutineAddToDelayedList
                0x00000000       0xc8 Source/croutine.o
 .text.prvCheckPendingReadyList
                0x00000000       0x98 Source/croutine.o
 .text.prvCheckDelayedList
                0x00000000      0x16a Source/croutine.o
 .text.vCoRoutineSchedule
                0x00000000      0x106 Source/croutine.o
 .text.prvInitialiseCoRoutineLists
                0x00000000       0x72 Source/croutine.o
 .text.xCoRoutineRemoveFromEventList
                0x00000000       0x72 Source/croutine.o
 .debug_info    0x00000000      0x4d8 Source/croutine.o
 .debug_abbrev  0x00000000      0x182 Source/croutine.o
 .debug_loc     0x00000000      0x1f7 Source/croutine.o
 .debug_aranges
                0x00000000       0x50 Source/croutine.o
 .debug_ranges  0x00000000       0x40 Source/croutine.o
 .debug_line    0x00000000      0x3f8 Source/croutine.o
 .debug_str     0x00000000      0x506 Source/croutine.o
 .comment       0x00000000       0x31 Source/croutine.o
 .debug_frame   0x00000000       0xf4 Source/croutine.o
 .text          0x00000000        0x0 Source/event_groups.o
 .data          0x00000000        0x0 Source/event_groups.o
 .bss           0x00000000        0x0 Source/event_groups.o
 .text.xEventGroupCreate
                0x00000000       0x40 Source/event_groups.o
 .text.xEventGroupSync
                0x00000000      0x176 Source/event_groups.o
 .text.xEventGroupWaitBits
                0x00000000      0x18c Source/event_groups.o
 .text.xEventGroupClearBits
                0x00000000       0x72 Source/event_groups.o
 .text.xEventGroupGetBitsFromISR
                0x00000000       0x46 Source/event_groups.o
 .text.xEventGroupSetBits
                0x00000000      0x17a Source/event_groups.o
 .text.vEventGroupDelete
                0x00000000       0x66 Source/event_groups.o
 .text.vEventGroupSetBitsCallback
                0x00000000       0x3a Source/event_groups.o
 .text.vEventGroupClearBitsCallback
                0x00000000       0x3a Source/event_groups.o
 .text.prvTestWaitCondition
                0x00000000       0x64 Source/event_groups.o
 .debug_info    0x00000000      0x64b Source/event_groups.o
 .debug_abbrev  0x00000000      0x139 Source/event_groups.o
 .debug_loc     0x00000000      0x2e5 Source/event_groups.o
 .debug_aranges
                0x00000000       0x68 Source/event_groups.o
 .debug_ranges  0x00000000       0x58 Source/event_groups.o
 .debug_line    0x00000000      0x4b7 Source/event_groups.o
 .debug_str     0x00000000      0x515 Source/event_groups.o
 .comment       0x00000000       0x31 Source/event_groups.o
 .debug_frame   0x00000000      0x160 Source/event_groups.o
 .text          0x00000000        0x0 Source/list.o
 .data          0x00000000        0x0 Source/list.o
 .bss           0x00000000        0x0 Source/list.o
 .text          0x00000000        0x0 Source/portable/GCC/Atmega328p/port.o
 .data          0x00000000        0x0 Source/portable/GCC/Atmega328p/port.o
 .bss           0x00000000        0x0 Source/portable/GCC/Atmega328p/port.o
 .text.vPortEndScheduler
                0x00000000        0xe Source/portable/GCC/Atmega328p/port.o
 .text          0x00000000        0x0 Source/portable/MemMang/heap_2.o
 .data          0x00000000        0x0 Source/portable/MemMang/heap_2.o
 .bss           0x00000000        0x0 Source/portable/MemMang/heap_2.o
 .rodata.heapSTRUCT_SIZE
                0x00000000        0x2 Source/portable/MemMang/heap_2.o
 .text.xPortGetFreeHeapSize
                0x00000000       0x16 Source/portable/MemMang/heap_2.o
 .text.vPortInitialiseBlocks
                0x00000000        0xe Source/portable/MemMang/heap_2.o
 .text          0x00000000        0x0 Source/queue.o
 .data          0x00000000        0x0 Source/queue.o
 .bss           0x00000000        0x0 Source/queue.o
 .text.xQueueGenericReset
                0x00000000      0x128 Source/queue.o
 .text.xQueueGenericCreate
                0x00000000       0xd0 Source/queue.o
 .text.xQueueGenericSend
                0x00000000      0x164 Source/queue.o
 .text.xQueueGenericSendFromISR
                0x00000000       0xc0 Source/queue.o
 .text.xQueueGiveFromISR
                0x00000000       0xb8 Source/queue.o
 .text.xQueueGenericReceive
                0x00000000      0x19e Source/queue.o
 .text.xQueueReceiveFromISR
                0x00000000       0xc2 Source/queue.o
 .text.xQueuePeekFromISR
                0x00000000       0x78 Source/queue.o
 .text.uxQueueMessagesWaiting
                0x00000000       0x32 Source/queue.o
 .text.uxQueueSpacesAvailable
                0x00000000       0x4e Source/queue.o
 .text.uxQueueMessagesWaitingFromISR
                0x00000000       0x28 Source/queue.o
 .text.vQueueDelete
                0x00000000       0x2e Source/queue.o
 .text.prvCopyDataToQueue
                0x00000000      0x180 Source/queue.o
 .text.prvCopyDataFromQueue
                0x00000000       0xa0 Source/queue.o
 .text.prvUnlockQueue
                0x00000000       0xc8 Source/queue.o
 .text.prvIsQueueEmpty
                0x00000000       0x3c Source/queue.o
 .text.xQueueIsQueueEmptyFromISR
                0x00000000       0x32 Source/queue.o
 .text.prvIsQueueFull
                0x00000000       0x44 Source/queue.o
 .text.xQueueIsQueueFullFromISR
                0x00000000       0x3a Source/queue.o
 .text.xQueueCRSend
                0x00000000       0xc2 Source/queue.o
 .text.xQueueCRReceive
                0x00000000      0x132 Source/queue.o
 .text.xQueueCRSendFromISR
                0x00000000       0x82 Source/queue.o
 .text.xQueueCRReceiveFromISR
                0x00000000      0x108 Source/queue.o
 .debug_info    0x00000000      0xb5a Source/queue.o
 .debug_abbrev  0x00000000      0x179 Source/queue.o
 .debug_loc     0x00000000      0x66d Source/queue.o
 .debug_aranges
                0x00000000       0xd0 Source/queue.o
 .debug_ranges  0x00000000       0xc0 Source/queue.o
 .debug_line    0x00000000      0xad0 Source/queue.o
 .debug_str     0x00000000      0x691 Source/queue.o
 .comment       0x00000000       0x31 Source/queue.o
 .debug_frame   0x00000000      0x2f4 Source/queue.o
 .text          0x00000000        0x0 Source/tasks.o
 .data          0x00000000        0x0 Source/tasks.o
 .bss           0x00000000        0x0 Source/tasks.o
 .text.vTaskDelete
                0x00000000       0xb6 Source/tasks.o
 .text.vTaskDelay
                0x00000000       0x6a Source/tasks.o
 .text.vTaskEndScheduler
                0x00000000       0x18 Source/tasks.o
 .text.xTaskGetTickCountFromISR
                0x00000000       0x2a Source/tasks.o
 .text.uxTaskGetNumberOfTasks
                0x00000000       0x12 Source/tasks.o
 .text.vTaskPlaceOnEventList
                0x00000000       0x6a Source/tasks.o
 .text.vTaskPlaceOnUnorderedEventList
                0x00000000       0x88 Source/tasks.o
 .text.xTaskRemoveFromEventList
                0x00000000       0xda Source/tasks.o
 .text.xTaskRemoveFromUnorderedEventList
                0x00000000       0xd6 Source/tasks.o
 .text.vTaskSetTimeOutState
                0x00000000       0x36 Source/tasks.o
 .text.xTaskCheckForTimeOut
                0x00000000       0xd0 Source/tasks.o
 .text.vTaskMissedYield
                0x00000000       0x14 Source/tasks.o
 .text.uxTaskResetEventItemValue
                0x00000000       0x54 Source/tasks.o
 .text.ulTaskNotifyTake
                0x00000000      0x11c Source/tasks.o
 .text.xTaskNotifyWait
                0x00000000      0x16c Source/tasks.o
 .text.xTaskGenericNotify
                0x00000000      0x1c2 Source/tasks.o
 .text.xTaskNotifyFromISR
                0x00000000      0x1c0 Source/tasks.o
 .text.vTaskNotifyGiveFromISR
                0x00000000      0x112 Source/tasks.o
 .text          0x00000000        0x0 Source/timers.o
 .data          0x00000000        0x0 Source/timers.o
 .bss           0x00000000        0x0 Source/timers.o
 .debug_info    0x00000000       0x64 Source/timers.o
 .debug_abbrev  0x00000000       0x26 Source/timers.o
 .debug_aranges
                0x00000000       0x18 Source/timers.o
 .debug_line    0x00000000       0x1a Source/timers.o
 .debug_str     0x00000000      0x1a5 Source/timers.o
 .comment       0x00000000       0x31 Source/timers.o
 .text          0x00000000        0x0 c:/program files (x86)/atmel/studio/7.0/toolchain/avr8/avr8-gnu-toolchain/bin/../lib/gcc/avr/4.9.2/avr5\libgcc.a(_exit.o)
 .data          0x00000000        0x0 c:/program files (x86)/atmel/studio/7.0/toolchain/avr8/avr8-gnu-toolchain/bin/../lib/gcc/avr/4.9.2/avr5\libgcc.a(_exit.o)
 .bss           0x00000000        0x0 c:/program files (x86)/atmel/studio/7.0/toolchain/avr8/avr8-gnu-toolchain/bin/../lib/gcc/avr/4.9.2/avr5\libgcc.a(_exit.o)
 .text.libgcc.mul
                0x00000000        0x0 c:/program files (x86)/atmel/studio/7.0/toolchain/avr8/avr8-gnu-toolchain/bin/../lib/gcc/avr/4.9.2/avr5\libgcc.a(_exit.o)
 .text.libgcc.div
                0x00000000        0x0 c:/program files (x86)/atmel/studio/7.0/toolchain/avr8/avr8-gnu-toolchain/bin/../lib/gcc/avr/4.9.2/avr5\libgcc.a(_exit.o)
 .text.libgcc   0x00000000        0x0 c:/program files (x86)/atmel/studio/7.0/toolchain/avr8/avr8-gnu-toolchain/bin/../lib/gcc/avr/4.9.2/avr5\libgcc.a(_exit.o)
 .text.libgcc.prologue
                0x00000000        0x0 c:/program files (x86)/atmel/studio/7.0/toolchain/avr8/avr8-gnu-toolchain/bin/../lib/gcc/avr/4.9.2/avr5\libgcc.a(_exit.o)
 .text.libgcc.builtins
                0x00000000        0x0 c:/program files (x86)/atmel/studio/7.0/toolchain/avr8/avr8-gnu-toolchain/bin/../lib/gcc/avr/4.9.2/avr5\libgcc.a(_exit.o)
 .text.libgcc.fmul
                0x00000000        0x0 c:/program files (x86)/atmel/studio/7.0/toolchain/avr8/avr8-gnu-toolchain/bin/../lib/gcc/avr/4.9.2/avr5\libgcc.a(_exit.o)
 .text.libgcc.fixed
                0x00000000        0x0 c:/program files (x86)/atmel/studio/7.0/toolchain/avr8/avr8-gnu-toolchain/bin/../lib/gcc/avr/4.9.2/avr5\libgcc.a(_exit.o)
 .text          0x00000000        0x0 c:/program files (x86)/atmel/studio/7.0/toolchain/avr8/avr8-gnu-toolchain/bin/../lib/gcc/avr/4.9.2/avr5\libgcc.a(_copy_data.o)
 .data          0x00000000        0x0 c:/program files (x86)/atmel/studio/7.0/toolchain/avr8/avr8-gnu-toolchain/bin/../lib/gcc/avr/4.9.2/avr5\libgcc.a(_copy_data.o)
 .bss           0x00000000        0x0 c:/program files (x86)/atmel/studio/7.0/toolchain/avr8/avr8-gnu-toolchain/bin/../lib/gcc/avr/4.9.2/avr5\libgcc.a(_copy_data.o)
 .text.libgcc.mul
                0x00000000        0x0 c:/program files (x86)/atmel/studio/7.0/toolchain/avr8/avr8-gnu-toolchain/bin/../lib/gcc/avr/4.9.2/avr5\libgcc.a(_copy_data.o)
 .text.libgcc.div
                0x00000000        0x0 c:/program files (x86)/atmel/studio/7.0/toolchain/avr8/avr8-gnu-toolchain/bin/../lib/gcc/avr/4.9.2/avr5\libgcc.a(_copy_data.o)
 .text.libgcc   0x00000000        0x0 c:/program files (x86)/atmel/studio/7.0/toolchain/avr8/avr8-gnu-toolchain/bin/../lib/gcc/avr/4.9.2/avr5\libgcc.a(_copy_data.o)
 .text.libgcc.prologue
                0x00000000        0x0 c:/program files (x86)/atmel/studio/7.0/toolchain/avr8/avr8-gnu-toolchain/bin/../lib/gcc/avr/4.9.2/avr5\libgcc.a(_copy_data.o)
 .text.libgcc.builtins
                0x00000000        0x0 c:/program files (x86)/atmel/studio/7.0/toolchain/avr8/avr8-gnu-toolchain/bin/../lib/gcc/avr/4.9.2/avr5\libgcc.a(_copy_data.o)
 .text.libgcc.fmul
                0x00000000        0x0 c:/program files (x86)/atmel/studio/7.0/toolchain/avr8/avr8-gnu-toolchain/bin/../lib/gcc/avr/4.9.2/avr5\libgcc.a(_copy_data.o)
 .text.libgcc.fixed
                0x00000000        0x0 c:/program files (x86)/atmel/studio/7.0/toolchain/avr8/avr8-gnu-toolchain/bin/../lib/gcc/avr/4.9.2/avr5\libgcc.a(_copy_data.o)
 .text          0x00000000        0x0 c:/program files (x86)/atmel/studio/7.0/toolchain/avr8/avr8-gnu-toolchain/bin/../lib/gcc/avr/4.9.2/avr5\libgcc.a(_clear_bss.o)
 .data          0x00000000        0x0 c:/program files (x86)/atmel/studio/7.0/toolchain/avr8/avr8-gnu-toolchain/bin/../lib/gcc/avr/4.9.2/avr5\libgcc.a(_clear_bss.o)
 .bss           0x00000000        0x0 c:/program files (x86)/atmel/studio/7.0/toolchain/avr8/avr8-gnu-toolchain/bin/../lib/gcc/avr/4.9.2/avr5\libgcc.a(_clear_bss.o)
 .text.libgcc.mul
                0x00000000        0x0 c:/program files (x86)/atmel/studio/7.0/toolchain/avr8/avr8-gnu-toolchain/bin/../lib/gcc/avr/4.9.2/avr5\libgcc.a(_clear_bss.o)
 .text.libgcc.div
                0x00000000        0x0 c:/program files (x86)/atmel/studio/7.0/toolchain/avr8/avr8-gnu-toolchain/bin/../lib/gcc/avr/4.9.2/avr5\libgcc.a(_clear_bss.o)
 .text.libgcc   0x00000000        0x0 c:/program files (x86)/atmel/studio/7.0/toolchain/avr8/avr8-gnu-toolchain/bin/../lib/gcc/avr/4.9.2/avr5\libgcc.a(_clear_bss.o)
 .text.libgcc.prologue
                0x00000000        0x0 c:/program files (x86)/atmel/studio/7.0/toolchain/avr8/avr8-gnu-toolchain/bin/../lib/gcc/avr/4.9.2/avr5\libgcc.a(_clear_bss.o)
 .text.libgcc.builtins
                0x00000000        0x0 c:/program files (x86)/atmel/studio/7.0/toolchain/avr8/avr8-gnu-toolchain/bin/../lib/gcc/avr/4.9.2/avr5\libgcc.a(_clear_bss.o)
 .text.libgcc.fmul
                0x00000000        0x0 c:/program files (x86)/atmel/studio/7.0/toolchain/avr8/avr8-gnu-toolchain/bin/../lib/gcc/avr/4.9.2/avr5\libgcc.a(_clear_bss.o)
 .text.libgcc.fixed
                0x00000000        0x0 c:/program files (x86)/atmel/studio/7.0/toolchain/avr8/avr8-gnu-toolchain/bin/../lib/gcc/avr/4.9.2/avr5\libgcc.a(_clear_bss.o)
 .text          0x00000000        0x0 c:/program files (x86)/atmel/studio/7.0/toolchain/avr8/avr8-gnu-toolchain/bin/../lib/gcc/avr/4.9.2/../../../../avr/lib/avr5\libc.a(memcpy.o)
 .data          0x00000000        0x0 c:/program files (x86)/atmel/studio/7.0/toolchain/avr8/avr8-gnu-toolchain/bin/../lib/gcc/avr/4.9.2/../../../../avr/lib/avr5\libc.a(memcpy.o)
 .bss           0x00000000        0x0 c:/program files (x86)/atmel/studio/7.0/toolchain/avr8/avr8-gnu-toolchain/bin/../lib/gcc/avr/4.9.2/../../../../avr/lib/avr5\libc.a(memcpy.o)
 .text.avr-libc
                0x00000000       0x12 c:/program files (x86)/atmel/studio/7.0/toolchain/avr8/avr8-gnu-toolchain/bin/../lib/gcc/avr/4.9.2/../../../../avr/lib/avr5\libc.a(memcpy.o)
 .text          0x00000000        0x0 c:/program files (x86)/atmel/studio/7.0/toolchain/avr8/avr8-gnu-toolchain/bin/../lib/gcc/avr/4.9.2/../../../../avr/lib/avr5\libc.a(puts.o)
 .data          0x00000000        0x0 c:/program files (x86)/atmel/studio/7.0/toolchain/avr8/avr8-gnu-toolchain/bin/../lib/gcc/avr/4.9.2/../../../../avr/lib/avr5\libc.a(puts.o)
 .bss           0x00000000        0x0 c:/program files (x86)/atmel/studio/7.0/toolchain/avr8/avr8-gnu-toolchain/bin/../lib/gcc/avr/4.9.2/../../../../avr/lib/avr5\libc.a(puts.o)
 .text          0x00000000        0x0 c:/program files (x86)/atmel/studio/7.0/toolchain/avr8/avr8-gnu-toolchain/bin/../lib/gcc/avr/4.9.2/../../../../avr/lib/avr5\libc.a(iob.o)
 .data          0x00000000        0x0 c:/program files (x86)/atmel/studio/7.0/toolchain/avr8/avr8-gnu-toolchain/bin/../lib/gcc/avr/4.9.2/../../../../avr/lib/avr5\libc.a(iob.o)
 .bss           0x00000000        0x0 c:/program files (x86)/atmel/studio/7.0/toolchain/avr8/avr8-gnu-toolchain/bin/../lib/gcc/avr/4.9.2/../../../../avr/lib/avr5\libc.a(iob.o)

Memory Configuration

Name             Origin             Length             Attributes
text             0x00000000         0x00020000         xr
data             0x00800060         0x0000ffa0         rw !x
eeprom           0x00810000         0x00010000         rw !x
fuse             0x00820000         0x00000003         rw !x
lock             0x00830000         0x00000400         rw !x
signature        0x00840000         0x00000400         rw !x
user_signatures  0x00850000         0x00000400         rw !x
*default*        0x00000000         0xffffffff

Linker script and memory map

Address of section .data set to 0x800100
LOAD C:/Program Files (x86)/Atmel/Studio/7.0/Packs/atmel/ATmega_DFP/1.1.130/gcc/dev/atmega328p/avr5/crtatmega328p.o
LOAD ArduinoUnoFreertos.o
LOAD Source/croutine.o
LOAD Source/event_groups.o
LOAD Source/list.o
LOAD Source/portable/GCC/Atmega328p/port.o
LOAD Source/portable/MemMang/heap_2.o
LOAD Source/queue.o
LOAD Source/tasks.o
LOAD Source/timers.o
START GROUP
LOAD c:/program files (x86)/atmel/studio/7.0/toolchain/avr8/avr8-gnu-toolchain/bin/../lib/gcc/avr/4.9.2/../../../../avr/lib/avr5\libm.a
END GROUP
START GROUP
LOAD c:/program files (x86)/atmel/studio/7.0/toolchain/avr8/avr8-gnu-toolchain/bin/../lib/gcc/avr/4.9.2/avr5\libgcc.a
LOAD c:/program files (x86)/atmel/studio/7.0/toolchain/avr8/avr8-gnu-toolchain/bin/../lib/gcc/avr/4.9.2/../../../../avr/lib/avr5\libm.a
LOAD c:/program files (x86)/atmel/studio/7.0/toolchain/avr8/avr8-gnu-toolchain/bin/../lib/gcc/avr/4.9.2/../../../../avr/lib/avr5\libc.a
LOAD C:/Program Files (x86)/Atmel/Studio/7.0/Packs/atmel/ATmega_DFP/1.1.130/gcc/dev/atmega328p/avr5\libatmega328p.a
END GROUP
                0x00020000                __TEXT_REGION_LENGTH__ = DEFINED (__TEXT_REGION_LENGTH__)?__TEXT_REGION_LENGTH__:0x20000
                0x0000ffa0                __DATA_REGION_LENGTH__ = DEFINED (__DATA_REGION_LENGTH__)?__DATA_REGION_LENGTH__:0xffa0
                0x00010000                __EEPROM_REGION_LENGTH__ = DEFINED (__EEPROM_REGION_LENGTH__)?__EEPROM_REGION_LENGTH__:0x10000
                [0x00000003]                __FUSE_REGION_LENGTH__ = DEFINED (__FUSE_REGION_LENGTH__)?__FUSE_REGION_LENGTH__:0x400
                0x00000400                __LOCK_REGION_LENGTH__ = DEFINED (__LOCK_REGION_LENGTH__)?__LOCK_REGION_LENGTH__:0x400
                0x00000400                __SIGNATURE_REGION_LENGTH__ = DEFINED (__SIGNATURE_REGION_LENGTH__)?__SIGNATURE_REGION_LENGTH__:0x400
                0x00000400                __USER_SIGNATURE_REGION_LENGTH__ = DEFINED (__USER_SIGNATURE_REGION_LENGTH__)?__USER_SIGNATURE_REGION_LENGTH__:0x400

.hash
 *(.hash)

.dynsym
 *(.dynsym)

.dynstr
 *(.dynstr)

.gnu.version
 *(.gnu.version)

.gnu.version_d
 *(.gnu.version_d)

.gnu.version_r
 *(.gnu.version_r)

.rel.init
 *(.rel.init)

.rela.init
 *(.rela.init)

.rel.text
 *(.rel.text)
 *(.rel.text.*)
 *(.rel.gnu.linkonce.t*)

.rela.text
 *(.rela.text)
 *(.rela.text.*)
 *(.rela.gnu.linkonce.t*)

.rel.fini
 *(.rel.fini)

.rela.fini
 *(.rela.fini)

.rel.rodata
 *(.rel.rodata)
 *(.rel.rodata.*)
 *(.rel.gnu.linkonce.r*)

.rela.rodata
 *(.rela.rodata)
 *(.rela.rodata.*)
 *(.rela.gnu.linkonce.r*)

.rel.data
 *(.rel.data)
 *(.rel.data.*)
 *(.rel.gnu.linkonce.d*)

.rela.data
 *(.rela.data)
 *(.rela.data.*)
 *(.rela.gnu.linkonce.d*)

.rel.ctors
 *(.rel.ctors)

.rela.ctors
 *(.rela.ctors)

.rel.dtors
 *(.rel.dtors)

.rela.dtors
 *(.rela.dtors)

.rel.got
 *(.rel.got)

.rela.got
 *(.rela.got)

.rel.bss
 *(.rel.bss)

.rela.bss
 *(.rela.bss)

.rel.plt
 *(.rel.plt)

.rela.plt
 *(.rela.plt)

.text           0x00000000     0x1938
 *(.vectors)
 .vectors       0x00000000       0x68 C:/Program Files (x86)/Atmel/Studio/7.0/Packs/atmel/ATmega_DFP/1.1.130/gcc/dev/atmega328p/avr5/crtatmega328p.o
                0x00000000                __vector_default
                0x00000000                __vectors
 *(.vectors)
 *(.progmem.gcc*)
                0x00000068                . = ALIGN (0x2)
                0x00000068                __trampolines_start = .
 *(.trampolines)
 .trampolines   0x00000068        0x0 linker stubs
 *(.trampolines*)
                0x00000068                __trampolines_end = .
 *libprintf_flt.a:*(.progmem.data)
 *libc.a:*(.progmem.data)
 *(.progmem*)
                0x00000068                . = ALIGN (0x2)
 *(.jumptables)
 *(.jumptables*)
 *(.lowtext)
 *(.lowtext*)
                0x00000068                __ctors_start = .
 *(.ctors)
                0x00000068                __ctors_end = .
                0x00000068                __dtors_start = .
 *(.dtors)
                0x00000068                __dtors_end = .
 SORT(*)(.ctors)
 SORT(*)(.dtors)
 *(.init0)
 .init0         0x00000068        0x0 C:/Program Files (x86)/Atmel/Studio/7.0/Packs/atmel/ATmega_DFP/1.1.130/gcc/dev/atmega328p/avr5/crtatmega328p.o
                0x00000068                __init
 *(.init0)
 *(.init1)
 *(.init1)
 *(.init2)
 .init2         0x00000068        0xc C:/Program Files (x86)/Atmel/Studio/7.0/Packs/atmel/ATmega_DFP/1.1.130/gcc/dev/atmega328p/avr5/crtatmega328p.o
 *(.init2)
 *(.init3)
 *(.init3)
 *(.init4)
 .init4         0x00000074       0x16 c:/program files (x86)/atmel/studio/7.0/toolchain/avr8/avr8-gnu-toolchain/bin/../lib/gcc/avr/4.9.2/avr5\libgcc.a(_copy_data.o)
                0x00000074                __do_copy_data
 .init4         0x0000008a       0x10 c:/program files (x86)/atmel/studio/7.0/toolchain/avr8/avr8-gnu-toolchain/bin/../lib/gcc/avr/4.9.2/avr5\libgcc.a(_clear_bss.o)
                0x0000008a                __do_clear_bss
 *(.init4)
 *(.init5)
 *(.init5)
 *(.init6)
 *(.init6)
 *(.init7)
 *(.init7)
 *(.init8)
 *(.init8)
 *(.init9)
 .init9         0x0000009a        0x8 C:/Program Files (x86)/Atmel/Studio/7.0/Packs/atmel/ATmega_DFP/1.1.130/gcc/dev/atmega328p/avr5/crtatmega328p.o
 *(.init9)
 *(.text)
 .text          0x000000a2        0x4 C:/Program Files (x86)/Atmel/Studio/7.0/Packs/atmel/ATmega_DFP/1.1.130/gcc/dev/atmega328p/avr5/crtatmega328p.o
                0x000000a2                __vector_22
                0x000000a2                __vector_1
                0x000000a2                __vector_24
                0x000000a2                __vector_12
                0x000000a2                __bad_interrupt
                0x000000a2                __vector_6
                0x000000a2                __vector_3
                0x000000a2                __vector_23
                0x000000a2                __vector_25
                0x000000a2                __vector_13
                0x000000a2                __vector_17
                0x000000a2                __vector_19
                0x000000a2                __vector_7
                0x000000a2                __vector_5
                0x000000a2                __vector_4
                0x000000a2                __vector_9
                0x000000a2                __vector_2
                0x000000a2                __vector_21
                0x000000a2                __vector_15
                0x000000a2                __vector_8
                0x000000a2                __vector_14
                0x000000a2                __vector_10
                0x000000a2                __vector_16
                0x000000a2                __vector_18
                0x000000a2                __vector_20
                0x000000a6                . = ALIGN (0x2)
 *(.text.*)
 .text.main     0x000000a6       0x60 ArduinoUnoFreertos.o
                0x000000a6                main
 .text.TaskBlinkGreenLED
                0x00000106       0x70 ArduinoUnoFreertos.o
 .text.TaskBlinkBlueLED
                0x00000176       0x70 ArduinoUnoFreertos.o
 .text.vListInitialise
                0x000001e6       0x6a Source/list.o
                0x000001e6                vListInitialise
 .text.vListInitialiseItem
                0x00000250       0x22 Source/list.o
                0x00000250                vListInitialiseItem
 .text.vListInsertEnd
                0x00000272       0x9c Source/list.o
                0x00000272                vListInsertEnd
 .text.vListInsert
                0x0000030e       0xee Source/list.o
                0x0000030e                vListInsert
 .text.uxListRemove
                0x000003fc       0xae Source/list.o
                0x000003fc                uxListRemove
 .text.pxPortInitialiseStack
                0x000004aa      0x352 Source/portable/GCC/Atmega328p/port.o
                0x000004aa                pxPortInitialiseStack
 .text.xPortStartScheduler
                0x000007fc       0x6a Source/portable/GCC/Atmega328p/port.o
                0x000007fc                xPortStartScheduler
 .text.vPortYield
                0x00000866       0xb2 Source/portable/GCC/Atmega328p/port.o
                0x00000866                vPortYield
 .text.vPortYieldFromTick
                0x00000918       0xba Source/portable/GCC/Atmega328p/port.o
                0x00000918                vPortYieldFromTick
 .text.prvSetupTimerInterrupt
                0x000009d2       0xc2 Source/portable/GCC/Atmega328p/port.o
 .text.__vector_11
                0x00000a94        0x6 Source/portable/GCC/Atmega328p/port.o
                0x00000a94                __vector_11
 .text.pvPortMalloc
                0x00000a9a      0x1de Source/portable/MemMang/heap_2.o
                0x00000a9a                pvPortMalloc
 .text.vPortFree
                0x00000c78       0xe2 Source/portable/MemMang/heap_2.o
                0x00000c78                vPortFree
 .text.prvHeapInit
                0x00000d5a       0x6e Source/portable/MemMang/heap_2.o
 .text.xTaskGenericCreate
                0x00000dc8      0x1cc Source/tasks.o
                0x00000dc8                xTaskGenericCreate
 .text.vTaskDelayUntil
                0x00000f94       0xf2 Source/tasks.o
                0x00000f94                vTaskDelayUntil
 .text.vTaskStartScheduler
                0x00001086       0x6c Source/tasks.o
                0x00001086                vTaskStartScheduler
 .text.vTaskSuspendAll
                0x000010f2       0x18 Source/tasks.o
                0x000010f2                vTaskSuspendAll
 .text.xTaskResumeAll
                0x0000110a      0x11c Source/tasks.o
                0x0000110a                xTaskResumeAll
 .text.xTaskGetTickCount
                0x00001226       0x2e Source/tasks.o
                0x00001226                xTaskGetTickCount
 .text.xTaskIncrementTick
                0x00001254      0x1dc Source/tasks.o
                0x00001254                xTaskIncrementTick
 .text.vTaskSwitchContext
                0x00001430       0xde Source/tasks.o
                0x00001430                vTaskSwitchContext
 .text.prvIdleTask
                0x0000150e       0x20 Source/tasks.o
 .text.prvInitialiseTCBVariables
                0x0000152e      0x108 Source/tasks.o
 .text.prvInitialiseTaskLists
                0x00001636       0x7a Source/tasks.o
 .text.prvCheckTasksWaitingTermination
                0x000016b0       0x80 Source/tasks.o
 .text.prvAddCurrentTaskToDelayedList
                0x00001730       0x94 Source/tasks.o
 .text.prvAllocateTCBAndStack
                0x000017c4       0x86 Source/tasks.o
 .text.prvDeleteTCB
                0x0000184a       0x2e Source/tasks.o
 .text.prvResetNextTaskUnblockTime
                0x00001878       0x5c Source/tasks.o
 .text.avr-libc
                0x000018d4       0x60 c:/program files (x86)/atmel/studio/7.0/toolchain/avr8/avr8-gnu-toolchain/bin/../lib/gcc/avr/4.9.2/../../../../avr/lib/avr5\libc.a(puts.o)
                0x000018d4                puts
                0x00001934                . = ALIGN (0x2)
 *(.fini9)
 .fini9         0x00001934        0x0 c:/program files (x86)/atmel/studio/7.0/toolchain/avr8/avr8-gnu-toolchain/bin/../lib/gcc/avr/4.9.2/avr5\libgcc.a(_exit.o)
                0x00001934                _exit
                0x00001934                exit
 *(.fini9)
 *(.fini8)
 *(.fini8)
 *(.fini7)
 *(.fini7)
 *(.fini6)
 *(.fini6)
 *(.fini5)
 *(.fini5)
 *(.fini4)
 *(.fini4)
 *(.fini3)
 *(.fini3)
 *(.fini2)
 *(.fini2)
 *(.fini1)
 *(.fini1)
 *(.fini0)
 .fini0         0x00001934        0x4 c:/program files (x86)/atmel/studio/7.0/toolchain/avr8/avr8-gnu-toolchain/bin/../lib/gcc/avr/4.9.2/avr5\libgcc.a(_exit.o)
 *(.fini0)
                0x00001938                _etext = .

.data           0x00800100       0x30 load address 0x00001938
                0x00800100                PROVIDE (__data_start, .)
 *(.data)
 *(.data*)
 .data.xFreeBytesRemaining
                0x00800100        0x2 Source/portable/MemMang/heap_2.o
 .data.xNextTaskUnblockTime
                0x00800102        0x2 Source/tasks.o
 *(.rodata)
 .rodata        0x00800104       0x26 ArduinoUnoFreertos.o
 .rodata        0x0080012a        0x5 Source/tasks.o
 *(.rodata*)
 *(.gnu.linkonce.d*)
                0x00800130                . = ALIGN (0x2)
 *fill*         0x0080012f        0x1 
                0x00800130                _edata = .
                0x00800130                PROVIDE (__data_end, .)

.bss            0x00800130      0x644
                0x00800130                PROVIDE (__bss_start, .)
 *(.bss)
 *(.bss*)
 .bss.ucHeap    0x00800130      0x5dc Source/portable/MemMang/heap_2.o
 .bss.xStart    0x0080070c        0x4 Source/portable/MemMang/heap_2.o
 .bss.xEnd      0x00800710        0x4 Source/portable/MemMang/heap_2.o
 .bss.xHeapHasBeenInitialised.1903
                0x00800714        0x1 Source/portable/MemMang/heap_2.o
 .bss.pxCurrentTCB
                0x00800715        0x2 Source/tasks.o
                0x00800715                pxCurrentTCB
 .bss.pxReadyTasksLists
                0x00800717       0x24 Source/tasks.o
 .bss.xDelayedTaskList1
                0x0080073b        0x9 Source/tasks.o
 .bss.xDelayedTaskList2
                0x00800744        0x9 Source/tasks.o
 .bss.pxDelayedTaskList
                0x0080074d        0x2 Source/tasks.o
 .bss.pxOverflowDelayedTaskList
                0x0080074f        0x2 Source/tasks.o
 .bss.xPendingReadyList
                0x00800751        0x9 Source/tasks.o
 .bss.xTasksWaitingTermination
                0x0080075a        0x9 Source/tasks.o
 .bss.uxTasksDeleted
                0x00800763        0x1 Source/tasks.o
 .bss.uxCurrentNumberOfTasks
                0x00800764        0x1 Source/tasks.o
 .bss.xTickCount
                0x00800765        0x2 Source/tasks.o
 .bss.uxTopReadyPriority
                0x00800767        0x1 Source/tasks.o
 .bss.xSchedulerRunning
                0x00800768        0x1 Source/tasks.o
 .bss.uxPendedTicks
                0x00800769        0x1 Source/tasks.o
 .bss.xYieldPending
                0x0080076a        0x1 Source/tasks.o
 .bss.xNumOfOverflows
                0x0080076b        0x1 Source/tasks.o
 .bss.uxTaskNumber
                0x0080076c        0x1 Source/tasks.o
 .bss.uxSchedulerSuspended
                0x0080076d        0x1 Source/tasks.o
 *(COMMON)
 COMMON         0x0080076e        0x6 c:/program files (x86)/atmel/studio/7.0/toolchain/avr8/avr8-gnu-toolchain/bin/../lib/gcc/avr/4.9.2/../../../../avr/lib/avr5\libc.a(iob.o)
                0x0080076e                __iob
                0x00800774                PROVIDE (__bss_end, .)
                0x00001938                __data_load_start = LOADADDR (.data)
                0x00001968                __data_load_end = (__data_load_start + SIZEOF (.data))

.noinit         0x00800774        0x0
                [!provide]                PROVIDE (__noinit_start, .)
 *(.noinit*)
                [!provide]                PROVIDE (__noinit_end, .)
                0x00800774                _end = .
                [!provide]                PROVIDE (__heap_start, .)

.eeprom         0x00810000        0x0
 *(.eeprom*)
                0x00810000                __eeprom_end = .

.fuse
 *(.fuse)
 *(.lfuse)
 *(.hfuse)
 *(.efuse)

.lock
 *(.lock*)

.signature
 *(.signature*)

.user_signatures
 *(.user_signatures*)

.stab
 *(.stab)

.stabstr
 *(.stabstr)

.stab.excl
 *(.stab.excl)

.stab.exclstr
 *(.stab.exclstr)

.stab.index
 *(.stab.index)

.stab.indexstr
 *(.stab.indexstr)

.comment        0x00000000       0x30
 *(.comment)
 .comment       0x00000000       0x30 ArduinoUnoFreertos.o
                                 0x31 (size before relaxing)
 .comment       0x00000030       0x31 Source/list.o
 .comment       0x00000030       0x31 Source/portable/GCC/Atmega328p/port.o
 .comment       0x00000030       0x31 Source/portable/MemMang/heap_2.o
 .comment       0x00000030       0x31 Source/tasks.o
 .comment       0x00000030       0x31 c:/program files (x86)/atmel/studio/7.0/toolchain/avr8/avr8-gnu-toolchain/bin/../lib/gcc/avr/4.9.2/../../../../avr/lib/avr5\libc.a(puts.o)
 .comment       0x00000030       0x31 c:/program files (x86)/atmel/studio/7.0/toolchain/avr8/avr8-gnu-toolchain/bin/../lib/gcc/avr/4.9.2/../../../../avr/lib/avr5\libc.a(iob.o)

.note.gnu.avr.deviceinfo
                0x00000000       0x40
 .note.gnu.avr.deviceinfo
                0x00000000       0x40 C:/Program Files (x86)/Atmel/Studio/7.0/Packs/atmel/ATmega_DFP/1.1.130/gcc/dev/atmega328p/avr5/crtatmega328p.o

.note.gnu.build-id
 *(.note.gnu.build-id)

.debug
 *(.debug)

.line
 *(.line)

.debug_srcinfo
 *(.debug_srcinfo)

.debug_sfnames
 *(.debug_sfnames)

.debug_aranges  0x00000000      0x228
 *(.debug_aranges)
 .debug_aranges
                0x00000000       0x30 ArduinoUnoFreertos.o
 .debug_aranges
                0x00000030       0x40 Source/list.o
 .debug_aranges
                0x00000070       0x50 Source/portable/GCC/Atmega328p/port.o
 .debug_aranges
                0x000000c0       0x40 Source/portable/MemMang/heap_2.o
 .debug_aranges
                0x00000100      0x128 Source/tasks.o

.debug_pubnames
 *(.debug_pubnames)

.debug_info     0x00000000     0x1e23
 *(.debug_info .gnu.linkonce.wi.*)
 .debug_info    0x00000000      0x5f4 C:/Program Files (x86)/Atmel/Studio/7.0/Packs/atmel/ATmega_DFP/1.1.130/gcc/dev/atmega328p/avr5/crtatmega328p.o
 .debug_info    0x000005f4      0x15e ArduinoUnoFreertos.o
 .debug_info    0x00000752      0x2a9 Source/list.o
 .debug_info    0x000009fb      0x1ed Source/portable/GCC/Atmega328p/port.o
 .debug_info    0x00000be8      0x2cd Source/portable/MemMang/heap_2.o
 .debug_info    0x00000eb5      0xf6e Source/tasks.o

.debug_abbrev   0x00000000      0xba2
 *(.debug_abbrev)
 .debug_abbrev  0x00000000      0x5a2 C:/Program Files (x86)/Atmel/Studio/7.0/Packs/atmel/ATmega_DFP/1.1.130/gcc/dev/atmega328p/avr5/crtatmega328p.o
 .debug_abbrev  0x000005a2       0xde ArduinoUnoFreertos.o
 .debug_abbrev  0x00000680       0xc0 Source/list.o
 .debug_abbrev  0x00000740      0x104 Source/portable/GCC/Atmega328p/port.o
 .debug_abbrev  0x00000844      0x154 Source/portable/MemMang/heap_2.o
 .debug_abbrev  0x00000998      0x20a Source/tasks.o

.debug_line     0x00000000     0x1aa9
 *(.debug_line .debug_line.* .debug_line_end)
 .debug_line    0x00000000      0x133 C:/Program Files (x86)/Atmel/Studio/7.0/Packs/atmel/ATmega_DFP/1.1.130/gcc/dev/atmega328p/avr5/crtatmega328p.o
 .debug_line    0x00000133      0x1bf ArduinoUnoFreertos.o
 .debug_line    0x000002f2      0x224 Source/list.o
 .debug_line    0x00000516      0x426 Source/portable/GCC/Atmega328p/port.o
 .debug_line    0x0000093c      0x31e Source/portable/MemMang/heap_2.o
 .debug_line    0x00000c5a      0xe4f Source/tasks.o

.debug_frame    0x00000000      0x798
 *(.debug_frame)
 .debug_frame   0x00000000       0x94 ArduinoUnoFreertos.o
 .debug_frame   0x00000094       0xb4 Source/list.o
 .debug_frame   0x00000148       0xc4 Source/portable/GCC/Atmega328p/port.o
 .debug_frame   0x0000020c       0xb4 Source/portable/MemMang/heap_2.o
 .debug_frame   0x000002c0      0x4d8 Source/tasks.o

.debug_str      0x00000000      0xf65
 *(.debug_str)
 .debug_str     0x00000000      0x208 C:/Program Files (x86)/Atmel/Studio/7.0/Packs/atmel/ATmega_DFP/1.1.130/gcc/dev/atmega328p/avr5/crtatmega328p.o
 .debug_str     0x00000208      0x1d9 ArduinoUnoFreertos.o
                                0x212 (size before relaxing)
 .debug_str     0x000003e1      0x13a Source/list.o
                                0x2dd (size before relaxing)
 .debug_str     0x0000051b      0x10c Source/portable/GCC/Atmega328p/port.o
                                0x2d2 (size before relaxing)
 .debug_str     0x00000627      0x15f Source/portable/MemMang/heap_2.o
                                0x321 (size before relaxing)
 .debug_str     0x00000786      0x7df Source/tasks.o
                                0xaac (size before relaxing)

.debug_loc      0x00000000      0xf72
 *(.debug_loc)
 .debug_loc     0x00000000      0x126 ArduinoUnoFreertos.o
 .debug_loc     0x00000126      0x167 Source/list.o
 .debug_loc     0x0000028d      0x105 Source/portable/GCC/Atmega328p/port.o
 .debug_loc     0x00000392      0x14c Source/portable/MemMang/heap_2.o
 .debug_loc     0x000004de      0xa94 Source/tasks.o

.debug_macinfo
 *(.debug_macinfo)

.debug_weaknames
 *(.debug_weaknames)

.debug_funcnames
 *(.debug_funcnames)

.debug_typenames
 *(.debug_typenames)

.debug_varnames
 *(.debug_varnames)

.debug_pubtypes
 *(.debug_pubtypes)

.debug_ranges   0x00000000      0x1f0
 *(.debug_ranges)
 .debug_ranges  0x00000000       0x20 ArduinoUnoFreertos.o
 .debug_ranges  0x00000020       0x30 Source/list.o
 .debug_ranges  0x00000050       0x40 Source/portable/GCC/Atmega328p/port.o
 .debug_ranges  0x00000090       0x30 Source/portable/MemMang/heap_2.o
 .debug_ranges  0x000000c0      0x130 Source/tasks.o

.debug_macro
 *(.debug_macro)
OUTPUT(ArduinoUnoFreertos.elf elf32-avr)
LOAD linker stubs
