Archive member included to satisfy reference by file (symbol)

c:/program files (x86)/atmel/studio/7.0/toolchain/avr8/avr8-gnu-toolchain/bin/../lib/gcc/avr/4.9.2/avr5\libgcc.a(_exit.o)
                              C:/Program Files (x86)/Atmel/Studio/7.0/Packs/atmel/ATmega_DFP/1.1.130/gcc/dev/atmega328p/avr5/crtatmega328p.o (exit)
c:/program files (x86)/atmel/studio/7.0/toolchain/avr8/avr8-gnu-toolchain/bin/../lib/gcc/avr/4.9.2/avr5\libgcc.a(_tablejump2.o)
                              Source/timers.o (__tablejump2__)
c:/program files (x86)/atmel/studio/7.0/toolchain/avr8/avr8-gnu-toolchain/bin/../lib/gcc/avr/4.9.2/avr5\libgcc.a(_copy_data.o)
                              ArduinoUnoFreertos.o (__do_copy_data)
c:/program files (x86)/atmel/studio/7.0/toolchain/avr8/avr8-gnu-toolchain/bin/../lib/gcc/avr/4.9.2/avr5\libgcc.a(_clear_bss.o)
                              ArduinoUnoFreertos.o (__do_clear_bss)
c:/program files (x86)/atmel/studio/7.0/toolchain/avr8/avr8-gnu-toolchain/bin/../lib/gcc/avr/4.9.2/../../../../avr/lib/avr5\libc.a(memcpy.o)
                              Source/queue.o (memcpy)

Allocating common symbols
Common symbol       size              file

Timer_Function1     0x2               ArduinoUnoFreertos.o
xQueueRegistry      0x28              Source/queue.o

Discarded input sections

 .data          0x00000000        0x0 C:/Program Files (x86)/Atmel/Studio/7.0/Packs/atmel/ATmega_DFP/1.1.130/gcc/dev/atmega328p/avr5/crtatmega328p.o
 .bss           0x00000000        0x0 C:/Program Files (x86)/Atmel/Studio/7.0/Packs/atmel/ATmega_DFP/1.1.130/gcc/dev/atmega328p/avr5/crtatmega328p.o
 .text          0x00000000        0x0 ArduinoUnoFreertos.o
 .data          0x00000000        0x0 ArduinoUnoFreertos.o
 .bss           0x00000000        0x0 ArduinoUnoFreertos.o
 .text          0x00000000        0x0 Source/croutine.o
 .data          0x00000000        0x0 Source/croutine.o
 .bss           0x00000000        0x0 Source/croutine.o
 .debug_info    0x00000000       0x64 Source/croutine.o
 .debug_abbrev  0x00000000       0x26 Source/croutine.o
 .debug_aranges
                0x00000000       0x18 Source/croutine.o
 .debug_line    0x00000000       0x1a Source/croutine.o
 .debug_str     0x00000000      0x1a3 Source/croutine.o
 .comment       0x00000000       0x31 Source/croutine.o
 .text          0x00000000        0x0 Source/event_groups.o
 .data          0x00000000        0x0 Source/event_groups.o
 .bss           0x00000000        0x0 Source/event_groups.o
 .text.xEventGroupCreate
                0x00000000       0x26 Source/event_groups.o
 .text.xEventGroupWaitBits
                0x00000000      0x110 Source/event_groups.o
 .text.xEventGroupClearBits
                0x00000000       0x1e Source/event_groups.o
 .text.xEventGroupGetBitsFromISR
                0x00000000        0x8 Source/event_groups.o
 .text.xEventGroupSetBits
                0x00000000       0xdc Source/event_groups.o
 .text.xEventGroupSync
                0x00000000       0xce Source/event_groups.o
 .text.vEventGroupDelete
                0x00000000       0x32 Source/event_groups.o
 .text.vEventGroupSetBitsCallback
                0x00000000        0x8 Source/event_groups.o
 .text.vEventGroupClearBitsCallback
                0x00000000        0x8 Source/event_groups.o
 .debug_info    0x00000000      0x934 Source/event_groups.o
 .debug_abbrev  0x00000000      0x26b Source/event_groups.o
 .debug_loc     0x00000000      0xb26 Source/event_groups.o
 .debug_aranges
                0x00000000       0x60 Source/event_groups.o
 .debug_ranges  0x00000000       0x68 Source/event_groups.o
 .debug_line    0x00000000      0x455 Source/event_groups.o
 .debug_str     0x00000000      0x5c4 Source/event_groups.o
 .comment       0x00000000       0x31 Source/event_groups.o
 .debug_frame   0x00000000      0x158 Source/event_groups.o
 .text          0x00000000        0x0 Source/list.o
 .data          0x00000000        0x0 Source/list.o
 .bss           0x00000000        0x0 Source/list.o
 .text          0x00000000        0x0 Source/portable/GCC/Atmega328p/port.o
 .data          0x00000000        0x0 Source/portable/GCC/Atmega328p/port.o
 .bss           0x00000000        0x0 Source/portable/GCC/Atmega328p/port.o
 .text.vPortEndScheduler
                0x00000000        0x2 Source/portable/GCC/Atmega328p/port.o
 .bss.ulPendingInterrupts
                0x00000000        0x1 Source/portable/GCC/Atmega328p/port.o
 .text          0x00000000        0x0 Source/portable/MemMang/heap_2.o
 .data          0x00000000        0x0 Source/portable/MemMang/heap_2.o
 .bss           0x00000000        0x0 Source/portable/MemMang/heap_2.o
 .text.xPortGetFreeHeapSize
                0x00000000        0xa Source/portable/MemMang/heap_2.o
 .text.vPortInitialiseBlocks
                0x00000000        0x2 Source/portable/MemMang/heap_2.o
 .text          0x00000000        0x0 Source/queue.o
 .data          0x00000000        0x0 Source/queue.o
 .bss           0x00000000        0x0 Source/queue.o
 .text.xQueueGiveFromISR
                0x00000000       0x7a Source/queue.o
 .text.xQueueReceiveFromISR
                0x00000000       0x66 Source/queue.o
 .text.xQueuePeekFromISR
                0x00000000       0x2e Source/queue.o
 .text.uxQueueMessagesWaiting
                0x00000000       0x10 Source/queue.o
 .text.uxQueueSpacesAvailable
                0x00000000       0x14 Source/queue.o
 .text.uxQueueMessagesWaitingFromISR
                0x00000000        0x6 Source/queue.o
 .text.xQueueIsQueueEmptyFromISR
                0x00000000        0xc Source/queue.o
 .text.xQueueIsQueueFullFromISR
                0x00000000        0xe Source/queue.o
 .text.vQueueUnregisterQueue
                0x00000000       0x4a Source/queue.o
 .text.vQueueDelete
                0x00000000       0x16 Source/queue.o
 .text.xQueueCreateSet
                0x00000000        0xa Source/queue.o
 .text.xQueueAddToSet
                0x00000000       0x2a Source/queue.o
 .text.xQueueRemoveFromSet
                0x00000000       0x2c Source/queue.o
 .text.xQueueSelectFromSet
                0x00000000       0x2a Source/queue.o
 .text.xQueueSelectFromSetFromISR
                0x00000000       0x2a Source/queue.o
 .text          0x00000000        0x0 Source/tasks.o
 .data          0x00000000        0x0 Source/tasks.o
 .bss           0x00000000        0x0 Source/tasks.o
 .text.vTaskDelete
                0x00000000       0x8e Source/tasks.o
 .text.uxTaskPriorityGet
                0x00000000       0x1c Source/tasks.o
 .text.uxTaskPriorityGetFromISR
                0x00000000       0x12 Source/tasks.o
 .text.vTaskPrioritySet
                0x00000000       0xf2 Source/tasks.o
 .text.vTaskResume
                0x00000000       0x9e Source/tasks.o
 .text.xTaskResumeFromISR
                0x00000000       0xae Source/tasks.o
 .text.vTaskEndScheduler
                0x00000000        0xc Source/tasks.o
 .text.xTaskGetTickCountFromISR
                0x00000000        0xa Source/tasks.o
 .text.uxTaskGetNumberOfTasks
                0x00000000        0x6 Source/tasks.o
 .text.vTaskDelayUntil
                0x00000000       0x84 Source/tasks.o
 .text.vTaskDelay
                0x00000000       0x40 Source/tasks.o
 .text.vTaskSuspend
                0x00000000       0x9e Source/tasks.o
 .text.vTaskPlaceOnUnorderedEventList
                0x00000000       0x66 Source/tasks.o
 .text.xTaskRemoveFromUnorderedEventList
                0x00000000       0x74 Source/tasks.o
 .text.uxTaskResetEventItemValue
                0x00000000       0x2e Source/tasks.o
 .text.ulTaskNotifyTake
                0x00000000       0xec Source/tasks.o
 .text.xTaskNotifyWait
                0x00000000      0x13e Source/tasks.o
 .text.xTaskGenericNotify
                0x00000000       0xfc Source/tasks.o
 .text.xTaskNotifyFromISR
                0x00000000      0x110 Source/tasks.o
 .text.vTaskNotifyGiveFromISR
                0x00000000       0xae Source/tasks.o
 .text          0x00000000        0x0 Source/timers.o
 .data          0x00000000        0x0 Source/timers.o
 .bss           0x00000000        0x0 Source/timers.o
 .text.pcTimerGetTimerName
                0x00000000        0x8 Source/timers.o
 .text.xTimerIsTimerActive
                0x00000000       0x1a Source/timers.o
 .text.pvTimerGetTimerID
                0x00000000       0x12 Source/timers.o
 .text.vTimerSetTimerID
                0x00000000       0x12 Source/timers.o
 .text          0x00000000        0x0 USART/USART.o
 .data          0x00000000        0x0 USART/USART.o
 .bss           0x00000000        0x0 USART/USART.o
 .text          0x00000000        0x0 c:/program files (x86)/atmel/studio/7.0/toolchain/avr8/avr8-gnu-toolchain/bin/../lib/gcc/avr/4.9.2/avr5\libgcc.a(_exit.o)
 .data          0x00000000        0x0 c:/program files (x86)/atmel/studio/7.0/toolchain/avr8/avr8-gnu-toolchain/bin/../lib/gcc/avr/4.9.2/avr5\libgcc.a(_exit.o)
 .bss           0x00000000        0x0 c:/program files (x86)/atmel/studio/7.0/toolchain/avr8/avr8-gnu-toolchain/bin/../lib/gcc/avr/4.9.2/avr5\libgcc.a(_exit.o)
 .text.libgcc.mul
                0x00000000        0x0 c:/program files (x86)/atmel/studio/7.0/toolchain/avr8/avr8-gnu-toolchain/bin/../lib/gcc/avr/4.9.2/avr5\libgcc.a(_exit.o)
 .text.libgcc.div
                0x00000000        0x0 c:/program files (x86)/atmel/studio/7.0/toolchain/avr8/avr8-gnu-toolchain/bin/../lib/gcc/avr/4.9.2/avr5\libgcc.a(_exit.o)
 .text.libgcc   0x00000000        0x0 c:/program files (x86)/atmel/studio/7.0/toolchain/avr8/avr8-gnu-toolchain/bin/../lib/gcc/avr/4.9.2/avr5\libgcc.a(_exit.o)
 .text.libgcc.prologue
                0x00000000        0x0 c:/program files (x86)/atmel/studio/7.0/toolchain/avr8/avr8-gnu-toolchain/bin/../lib/gcc/avr/4.9.2/avr5\libgcc.a(_exit.o)
 .text.libgcc.builtins
                0x00000000        0x0 c:/program files (x86)/atmel/studio/7.0/toolchain/avr8/avr8-gnu-toolchain/bin/../lib/gcc/avr/4.9.2/avr5\libgcc.a(_exit.o)
 .text.libgcc.fmul
                0x00000000        0x0 c:/program files (x86)/atmel/studio/7.0/toolchain/avr8/avr8-gnu-toolchain/bin/../lib/gcc/avr/4.9.2/avr5\libgcc.a(_exit.o)
 .text.libgcc.fixed
                0x00000000        0x0 c:/program files (x86)/atmel/studio/7.0/toolchain/avr8/avr8-gnu-toolchain/bin/../lib/gcc/avr/4.9.2/avr5\libgcc.a(_exit.o)
 .text          0x00000000        0x0 c:/program files (x86)/atmel/studio/7.0/toolchain/avr8/avr8-gnu-toolchain/bin/../lib/gcc/avr/4.9.2/avr5\libgcc.a(_tablejump2.o)
 .data          0x00000000        0x0 c:/program files (x86)/atmel/studio/7.0/toolchain/avr8/avr8-gnu-toolchain/bin/../lib/gcc/avr/4.9.2/avr5\libgcc.a(_tablejump2.o)
 .bss           0x00000000        0x0 c:/program files (x86)/atmel/studio/7.0/toolchain/avr8/avr8-gnu-toolchain/bin/../lib/gcc/avr/4.9.2/avr5\libgcc.a(_tablejump2.o)
 .text.libgcc.mul
                0x00000000        0x0 c:/program files (x86)/atmel/studio/7.0/toolchain/avr8/avr8-gnu-toolchain/bin/../lib/gcc/avr/4.9.2/avr5\libgcc.a(_tablejump2.o)
 .text.libgcc.div
                0x00000000        0x0 c:/program files (x86)/atmel/studio/7.0/toolchain/avr8/avr8-gnu-toolchain/bin/../lib/gcc/avr/4.9.2/avr5\libgcc.a(_tablejump2.o)
 .text.libgcc.prologue
                0x00000000        0x0 c:/program files (x86)/atmel/studio/7.0/toolchain/avr8/avr8-gnu-toolchain/bin/../lib/gcc/avr/4.9.2/avr5\libgcc.a(_tablejump2.o)
 .text.libgcc.builtins
                0x00000000        0x0 c:/program files (x86)/atmel/studio/7.0/toolchain/avr8/avr8-gnu-toolchain/bin/../lib/gcc/avr/4.9.2/avr5\libgcc.a(_tablejump2.o)
 .text.libgcc.fmul
                0x00000000        0x0 c:/program files (x86)/atmel/studio/7.0/toolchain/avr8/avr8-gnu-toolchain/bin/../lib/gcc/avr/4.9.2/avr5\libgcc.a(_tablejump2.o)
 .text.libgcc.fixed
                0x00000000        0x0 c:/program files (x86)/atmel/studio/7.0/toolchain/avr8/avr8-gnu-toolchain/bin/../lib/gcc/avr/4.9.2/avr5\libgcc.a(_tablejump2.o)
 .text          0x00000000        0x0 c:/program files (x86)/atmel/studio/7.0/toolchain/avr8/avr8-gnu-toolchain/bin/../lib/gcc/avr/4.9.2/avr5\libgcc.a(_copy_data.o)
 .data          0x00000000        0x0 c:/program files (x86)/atmel/studio/7.0/toolchain/avr8/avr8-gnu-toolchain/bin/../lib/gcc/avr/4.9.2/avr5\libgcc.a(_copy_data.o)
 .bss           0x00000000        0x0 c:/program files (x86)/atmel/studio/7.0/toolchain/avr8/avr8-gnu-toolchain/bin/../lib/gcc/avr/4.9.2/avr5\libgcc.a(_copy_data.o)
 .text.libgcc.mul
                0x00000000        0x0 c:/program files (x86)/atmel/studio/7.0/toolchain/avr8/avr8-gnu-toolchain/bin/../lib/gcc/avr/4.9.2/avr5\libgcc.a(_copy_data.o)
 .text.libgcc.div
                0x00000000        0x0 c:/program files (x86)/atmel/studio/7.0/toolchain/avr8/avr8-gnu-toolchain/bin/../lib/gcc/avr/4.9.2/avr5\libgcc.a(_copy_data.o)
 .text.libgcc   0x00000000        0x0 c:/program files (x86)/atmel/studio/7.0/toolchain/avr8/avr8-gnu-toolchain/bin/../lib/gcc/avr/4.9.2/avr5\libgcc.a(_copy_data.o)
 .text.libgcc.prologue
                0x00000000        0x0 c:/program files (x86)/atmel/studio/7.0/toolchain/avr8/avr8-gnu-toolchain/bin/../lib/gcc/avr/4.9.2/avr5\libgcc.a(_copy_data.o)
 .text.libgcc.builtins
                0x00000000        0x0 c:/program files (x86)/atmel/studio/7.0/toolchain/avr8/avr8-gnu-toolchain/bin/../lib/gcc/avr/4.9.2/avr5\libgcc.a(_copy_data.o)
 .text.libgcc.fmul
                0x00000000        0x0 c:/program files (x86)/atmel/studio/7.0/toolchain/avr8/avr8-gnu-toolchain/bin/../lib/gcc/avr/4.9.2/avr5\libgcc.a(_copy_data.o)
 .text.libgcc.fixed
                0x00000000        0x0 c:/program files (x86)/atmel/studio/7.0/toolchain/avr8/avr8-gnu-toolchain/bin/../lib/gcc/avr/4.9.2/avr5\libgcc.a(_copy_data.o)
 .text          0x00000000        0x0 c:/program files (x86)/atmel/studio/7.0/toolchain/avr8/avr8-gnu-toolchain/bin/../lib/gcc/avr/4.9.2/avr5\libgcc.a(_clear_bss.o)
 .data          0x00000000        0x0 c:/program files (x86)/atmel/studio/7.0/toolchain/avr8/avr8-gnu-toolchain/bin/../lib/gcc/avr/4.9.2/avr5\libgcc.a(_clear_bss.o)
 .bss           0x00000000        0x0 c:/program files (x86)/atmel/studio/7.0/toolchain/avr8/avr8-gnu-toolchain/bin/../lib/gcc/avr/4.9.2/avr5\libgcc.a(_clear_bss.o)
 .text.libgcc.mul
                0x00000000        0x0 c:/program files (x86)/atmel/studio/7.0/toolchain/avr8/avr8-gnu-toolchain/bin/../lib/gcc/avr/4.9.2/avr5\libgcc.a(_clear_bss.o)
 .text.libgcc.div
                0x00000000        0x0 c:/program files (x86)/atmel/studio/7.0/toolchain/avr8/avr8-gnu-toolchain/bin/../lib/gcc/avr/4.9.2/avr5\libgcc.a(_clear_bss.o)
 .text.libgcc   0x00000000        0x0 c:/program files (x86)/atmel/studio/7.0/toolchain/avr8/avr8-gnu-toolchain/bin/../lib/gcc/avr/4.9.2/avr5\libgcc.a(_clear_bss.o)
 .text.libgcc.prologue
                0x00000000        0x0 c:/program files (x86)/atmel/studio/7.0/toolchain/avr8/avr8-gnu-toolchain/bin/../lib/gcc/avr/4.9.2/avr5\libgcc.a(_clear_bss.o)
 .text.libgcc.builtins
                0x00000000        0x0 c:/program files (x86)/atmel/studio/7.0/toolchain/avr8/avr8-gnu-toolchain/bin/../lib/gcc/avr/4.9.2/avr5\libgcc.a(_clear_bss.o)
 .text.libgcc.fmul
                0x00000000        0x0 c:/program files (x86)/atmel/studio/7.0/toolchain/avr8/avr8-gnu-toolchain/bin/../lib/gcc/avr/4.9.2/avr5\libgcc.a(_clear_bss.o)
 .text.libgcc.fixed
                0x00000000        0x0 c:/program files (x86)/atmel/studio/7.0/toolchain/avr8/avr8-gnu-toolchain/bin/../lib/gcc/avr/4.9.2/avr5\libgcc.a(_clear_bss.o)
 .text          0x00000000        0x0 c:/program files (x86)/atmel/studio/7.0/toolchain/avr8/avr8-gnu-toolchain/bin/../lib/gcc/avr/4.9.2/../../../../avr/lib/avr5\libc.a(memcpy.o)
 .data          0x00000000        0x0 c:/program files (x86)/atmel/studio/7.0/toolchain/avr8/avr8-gnu-toolchain/bin/../lib/gcc/avr/4.9.2/../../../../avr/lib/avr5\libc.a(memcpy.o)
 .bss           0x00000000        0x0 c:/program files (x86)/atmel/studio/7.0/toolchain/avr8/avr8-gnu-toolchain/bin/../lib/gcc/avr/4.9.2/../../../../avr/lib/avr5\libc.a(memcpy.o)

Memory Configuration

Name             Origin             Length             Attributes
text             0x00000000         0x00020000         xr
data             0x00800060         0x0000ffa0         rw !x
eeprom           0x00810000         0x00010000         rw !x
fuse             0x00820000         0x00000003         rw !x
lock             0x00830000         0x00000400         rw !x
signature        0x00840000         0x00000400         rw !x
user_signatures  0x00850000         0x00000400         rw !x
*default*        0x00000000         0xffffffff

Linker script and memory map

Address of section .data set to 0x800100
LOAD C:/Program Files (x86)/Atmel/Studio/7.0/Packs/atmel/ATmega_DFP/1.1.130/gcc/dev/atmega328p/avr5/crtatmega328p.o
LOAD ArduinoUnoFreertos.o
LOAD Source/croutine.o
LOAD Source/event_groups.o
LOAD Source/list.o
LOAD Source/portable/GCC/Atmega328p/port.o
LOAD Source/portable/MemMang/heap_2.o
LOAD Source/queue.o
LOAD Source/tasks.o
LOAD Source/timers.o
LOAD USART/USART.o
START GROUP
LOAD c:/program files (x86)/atmel/studio/7.0/toolchain/avr8/avr8-gnu-toolchain/bin/../lib/gcc/avr/4.9.2/../../../../avr/lib/avr5\libm.a
END GROUP
START GROUP
LOAD c:/program files (x86)/atmel/studio/7.0/toolchain/avr8/avr8-gnu-toolchain/bin/../lib/gcc/avr/4.9.2/avr5\libgcc.a
LOAD c:/program files (x86)/atmel/studio/7.0/toolchain/avr8/avr8-gnu-toolchain/bin/../lib/gcc/avr/4.9.2/../../../../avr/lib/avr5\libm.a
LOAD c:/program files (x86)/atmel/studio/7.0/toolchain/avr8/avr8-gnu-toolchain/bin/../lib/gcc/avr/4.9.2/../../../../avr/lib/avr5\libc.a
LOAD C:/Program Files (x86)/Atmel/Studio/7.0/Packs/atmel/ATmega_DFP/1.1.130/gcc/dev/atmega328p/avr5\libatmega328p.a
END GROUP
                0x00020000                __TEXT_REGION_LENGTH__ = DEFINED (__TEXT_REGION_LENGTH__)?__TEXT_REGION_LENGTH__:0x20000
                0x0000ffa0                __DATA_REGION_LENGTH__ = DEFINED (__DATA_REGION_LENGTH__)?__DATA_REGION_LENGTH__:0xffa0
                0x00010000                __EEPROM_REGION_LENGTH__ = DEFINED (__EEPROM_REGION_LENGTH__)?__EEPROM_REGION_LENGTH__:0x10000
                [0x00000003]                __FUSE_REGION_LENGTH__ = DEFINED (__FUSE_REGION_LENGTH__)?__FUSE_REGION_LENGTH__:0x400
                0x00000400                __LOCK_REGION_LENGTH__ = DEFINED (__LOCK_REGION_LENGTH__)?__LOCK_REGION_LENGTH__:0x400
                0x00000400                __SIGNATURE_REGION_LENGTH__ = DEFINED (__SIGNATURE_REGION_LENGTH__)?__SIGNATURE_REGION_LENGTH__:0x400
                0x00000400                __USER_SIGNATURE_REGION_LENGTH__ = DEFINED (__USER_SIGNATURE_REGION_LENGTH__)?__USER_SIGNATURE_REGION_LENGTH__:0x400

.hash
 *(.hash)

.dynsym
 *(.dynsym)

.dynstr
 *(.dynstr)

.gnu.version
 *(.gnu.version)

.gnu.version_d
 *(.gnu.version_d)

.gnu.version_r
 *(.gnu.version_r)

.rel.init
 *(.rel.init)

.rela.init
 *(.rela.init)

.rel.text
 *(.rel.text)
 *(.rel.text.*)
 *(.rel.gnu.linkonce.t*)

.rela.text
 *(.rela.text)
 *(.rela.text.*)
 *(.rela.gnu.linkonce.t*)

.rel.fini
 *(.rel.fini)

.rela.fini
 *(.rela.fini)

.rel.rodata
 *(.rel.rodata)
 *(.rel.rodata.*)
 *(.rel.gnu.linkonce.r*)

.rela.rodata
 *(.rela.rodata)
 *(.rela.rodata.*)
 *(.rela.gnu.linkonce.r*)

.rel.data
 *(.rel.data)
 *(.rel.data.*)
 *(.rel.gnu.linkonce.d*)

.rela.data
 *(.rela.data)
 *(.rela.data.*)
 *(.rela.gnu.linkonce.d*)

.rel.ctors
 *(.rel.ctors)

.rela.ctors
 *(.rela.ctors)

.rel.dtors
 *(.rel.dtors)

.rela.dtors
 *(.rela.dtors)

.rel.got
 *(.rel.got)

.rela.got
 *(.rela.got)

.rel.bss
 *(.rel.bss)

.rela.bss
 *(.rela.bss)

.rel.plt
 *(.rel.plt)

.rela.plt
 *(.rela.plt)

.text           0x00000000     0x1c26
 *(.vectors)
 .vectors       0x00000000       0x68 C:/Program Files (x86)/Atmel/Studio/7.0/Packs/atmel/ATmega_DFP/1.1.130/gcc/dev/atmega328p/avr5/crtatmega328p.o
                0x00000000                __vector_default
                0x00000000                __vectors
 *(.vectors)
 *(.progmem.gcc*)
 .progmem.gcc_sw_table.prvTimerTask
                0x00000068       0x14 Source/timers.o
                0x0000007c                . = ALIGN (0x2)
                0x0000007c                __trampolines_start = .
 *(.trampolines)
 .trampolines   0x0000007c        0x0 linker stubs
 *(.trampolines*)
                0x0000007c                __trampolines_end = .
 *libprintf_flt.a:*(.progmem.data)
 *libc.a:*(.progmem.data)
 *(.progmem*)
                0x0000007c                . = ALIGN (0x2)
 *(.jumptables)
 *(.jumptables*)
 *(.lowtext)
 *(.lowtext*)
                0x0000007c                __ctors_start = .
 *(.ctors)
                0x0000007c                __ctors_end = .
                0x0000007c                __dtors_start = .
 *(.dtors)
                0x0000007c                __dtors_end = .
 SORT(*)(.ctors)
 SORT(*)(.dtors)
 *(.init0)
 .init0         0x0000007c        0x0 C:/Program Files (x86)/Atmel/Studio/7.0/Packs/atmel/ATmega_DFP/1.1.130/gcc/dev/atmega328p/avr5/crtatmega328p.o
                0x0000007c                __init
 *(.init0)
 *(.init1)
 *(.init1)
 *(.init2)
 .init2         0x0000007c        0xc C:/Program Files (x86)/Atmel/Studio/7.0/Packs/atmel/ATmega_DFP/1.1.130/gcc/dev/atmega328p/avr5/crtatmega328p.o
 *(.init2)
 *(.init3)
 *(.init3)
 *(.init4)
 .init4         0x00000088       0x16 c:/program files (x86)/atmel/studio/7.0/toolchain/avr8/avr8-gnu-toolchain/bin/../lib/gcc/avr/4.9.2/avr5\libgcc.a(_copy_data.o)
                0x00000088                __do_copy_data
 .init4         0x0000009e       0x10 c:/program files (x86)/atmel/studio/7.0/toolchain/avr8/avr8-gnu-toolchain/bin/../lib/gcc/avr/4.9.2/avr5\libgcc.a(_clear_bss.o)
                0x0000009e                __do_clear_bss
 *(.init4)
 *(.init5)
 *(.init5)
 *(.init6)
 *(.init6)
 *(.init7)
 *(.init7)
 *(.init8)
 *(.init8)
 *(.init9)
 .init9         0x000000ae        0x8 C:/Program Files (x86)/Atmel/Studio/7.0/Packs/atmel/ATmega_DFP/1.1.130/gcc/dev/atmega328p/avr5/crtatmega328p.o
 *(.init9)
 *(.text)
 .text          0x000000b6        0x4 C:/Program Files (x86)/Atmel/Studio/7.0/Packs/atmel/ATmega_DFP/1.1.130/gcc/dev/atmega328p/avr5/crtatmega328p.o
                0x000000b6                __vector_22
                0x000000b6                __vector_1
                0x000000b6                __vector_24
                0x000000b6                __vector_12
                0x000000b6                __bad_interrupt
                0x000000b6                __vector_6
                0x000000b6                __vector_3
                0x000000b6                __vector_23
                0x000000b6                __vector_25
                0x000000b6                __vector_13
                0x000000b6                __vector_17
                0x000000b6                __vector_19
                0x000000b6                __vector_7
                0x000000b6                __vector_5
                0x000000b6                __vector_4
                0x000000b6                __vector_9
                0x000000b6                __vector_2
                0x000000b6                __vector_21
                0x000000b6                __vector_15
                0x000000b6                __vector_8
                0x000000b6                __vector_14
                0x000000b6                __vector_10
                0x000000b6                __vector_18
                0x000000b6                __vector_20
                0x000000ba                . = ALIGN (0x2)
 *(.text.*)
 .text.MyTimer  0x000000ba        0x8 ArduinoUnoFreertos.o
                0x000000ba                MyTimer
 .text.Task1    0x000000c2       0x9c ArduinoUnoFreertos.o
                0x000000c2                Task1
 .text.main     0x0000015e       0x8e ArduinoUnoFreertos.o
                0x0000015e                main
 .text.vListInitialise
                0x000001ec       0x1c Source/list.o
                0x000001ec                vListInitialise
 .text.vListInitialiseItem
                0x00000208        0x8 Source/list.o
                0x00000208                vListInitialiseItem
 .text.vListInsertEnd
                0x00000210       0x42 Source/list.o
                0x00000210                vListInsertEnd
 .text.vListInsert
                0x00000252       0x62 Source/list.o
                0x00000252                vListInsert
 .text.uxListRemove
                0x000002b4       0x4c Source/list.o
                0x000002b4                uxListRemove
 .text.pxPortInitialiseStack
                0x00000300       0xd8 Source/portable/GCC/Atmega328p/port.o
                0x00000300                pxPortInitialiseStack
 .text.xPortStartScheduler
                0x000003d8       0x74 Source/portable/GCC/Atmega328p/port.o
                0x000003d8                xPortStartScheduler
 .text.vPortYield
                0x0000044c       0xb2 Source/portable/GCC/Atmega328p/port.o
                0x0000044c                vPortYield
 .text.__vector_16
                0x000004fe       0x14 Source/portable/GCC/Atmega328p/port.o
                0x000004fe                __vector_16
 .text.vPortYieldFromTick
                0x00000512       0xb8 Source/portable/GCC/Atmega328p/port.o
                0x00000512                vPortYieldFromTick
 .text.__vector_11
                0x000005ca        0x6 Source/portable/GCC/Atmega328p/port.o
                0x000005ca                __vector_11
 .text.pvPortMalloc
                0x000005d0      0x134 Source/portable/MemMang/heap_2.o
                0x000005d0                pvPortMalloc
 .text.vPortFree
                0x00000704       0x66 Source/portable/MemMang/heap_2.o
                0x00000704                vPortFree
 .text.prvCopyDataToQueue
                0x0000076a       0x9a Source/queue.o
 .text.prvNotifyQueueSetContainer
                0x00000804       0x72 Source/queue.o
 .text.prvCopyDataFromQueue
                0x00000876       0x34 Source/queue.o
 .text.prvUnlockQueue
                0x000008aa       0xa8 Source/queue.o
 .text.xQueueGenericReset
                0x00000952       0x7a Source/queue.o
                0x00000952                xQueueGenericReset
 .text.xQueueGenericCreate
                0x000009cc       0x5c Source/queue.o
                0x000009cc                xQueueGenericCreate
 .text.xQueueGenericSend
                0x00000a28      0x15e Source/queue.o
                0x00000a28                xQueueGenericSend
 .text.xQueueGenericSendFromISR
                0x00000b86       0x9e Source/queue.o
                0x00000b86                xQueueGenericSendFromISR
 .text.xQueueGenericReceive
                0x00000c24      0x158 Source/queue.o
                0x00000c24                xQueueGenericReceive
 .text.vQueueAddToRegistry
                0x00000d7c       0x4e Source/queue.o
                0x00000d7c                vQueueAddToRegistry
 .text.vQueueWaitForMessageRestricted
                0x00000dca       0x3a Source/queue.o
                0x00000dca                vQueueWaitForMessageRestricted
 .text.prvResetNextTaskUnblockTime
                0x00000e04       0x3e Source/tasks.o
 .text.prvAddCurrentTaskToDelayedList
                0x00000e42       0x6e Source/tasks.o
 .text.xTaskGenericCreate
                0x00000eb0      0x222 Source/tasks.o
                0x00000eb0                xTaskGenericCreate
 .text.vTaskStartScheduler
                0x000010d2       0x5e Source/tasks.o
                0x000010d2                vTaskStartScheduler
 .text.vTaskSuspendAll
                0x00001130        0xc Source/tasks.o
                0x00001130                vTaskSuspendAll
 .text.xTaskGetTickCount
                0x0000113c       0x14 Source/tasks.o
                0x0000113c                xTaskGetTickCount
 .text.xTaskIncrementTick
                0x00001150      0x17a Source/tasks.o
                0x00001150                xTaskIncrementTick
 .text.xTaskResumeAll
                0x000012ca      0x104 Source/tasks.o
                0x000012ca                xTaskResumeAll
 .text.prvIdleTask
                0x000013ce       0x7a Source/tasks.o
 .text.vTaskSwitchContext
                0x00001448       0xda Source/tasks.o
                0x00001448                vTaskSwitchContext
 .text.vTaskPlaceOnEventList
                0x00001522       0x5a Source/tasks.o
                0x00001522                vTaskPlaceOnEventList
 .text.vTaskPlaceOnEventListRestricted
                0x0000157c       0x3c Source/tasks.o
                0x0000157c                vTaskPlaceOnEventListRestricted
 .text.xTaskRemoveFromEventList
                0x000015b8       0x90 Source/tasks.o
                0x000015b8                xTaskRemoveFromEventList
 .text.vTaskSetTimeOutState
                0x00001648       0x16 Source/tasks.o
                0x00001648                vTaskSetTimeOutState
 .text.xTaskCheckForTimeOut
                0x0000165e       0x72 Source/tasks.o
                0x0000165e                xTaskCheckForTimeOut
 .text.vTaskMissedYield
                0x000016d0        0x8 Source/tasks.o
                0x000016d0                vTaskMissedYield
 .text.xTaskGetSchedulerState
                0x000016d8       0x1c Source/tasks.o
                0x000016d8                xTaskGetSchedulerState
 .text.prvInsertTimerInActiveList
                0x000016f4       0x5e Source/timers.o
 .text.prvCheckForValidListAndQueue
                0x00001752       0x5e Source/timers.o
 .text.xTimerCreateTimerTask
                0x000017b0       0x54 Source/timers.o
                0x000017b0                xTimerCreateTimerTask
 .text.xTimerCreate
                0x00001804       0x70 Source/timers.o
                0x00001804                xTimerCreate
 .text.xTimerGenericCommand
                0x00001874       0x90 Source/timers.o
                0x00001874                xTimerGenericCommand
 .text.prvSampleTimeNow
                0x00001904       0xe0 Source/timers.o
 .text.prvTimerTask
                0x000019e4      0x1ca Source/timers.o
 .text.USART_init
                0x00001bae       0x18 USART/USART.o
                0x00001bae                USART_init
 .text.USART_send
                0x00001bc6       0x10 USART/USART.o
                0x00001bc6                USART_send
 .text.USART_sendstr
                0x00001bd6       0x1e USART/USART.o
                0x00001bd6                USART_sendstr
 .text.USART_receive
                0x00001bf4       0x10 USART/USART.o
                0x00001bf4                USART_receive
 .text.libgcc   0x00001c04        0xc c:/program files (x86)/atmel/studio/7.0/toolchain/avr8/avr8-gnu-toolchain/bin/../lib/gcc/avr/4.9.2/avr5\libgcc.a(_tablejump2.o)
                0x00001c04                __tablejump2__
 .text.avr-libc
                0x00001c10       0x12 c:/program files (x86)/atmel/studio/7.0/toolchain/avr8/avr8-gnu-toolchain/bin/../lib/gcc/avr/4.9.2/../../../../avr/lib/avr5\libc.a(memcpy.o)
                0x00001c10                memcpy
                0x00001c22                . = ALIGN (0x2)
 *(.fini9)
 .fini9         0x00001c22        0x0 c:/program files (x86)/atmel/studio/7.0/toolchain/avr8/avr8-gnu-toolchain/bin/../lib/gcc/avr/4.9.2/avr5\libgcc.a(_exit.o)
                0x00001c22                _exit
                0x00001c22                exit
 *(.fini9)
 *(.fini8)
 *(.fini8)
 *(.fini7)
 *(.fini7)
 *(.fini6)
 *(.fini6)
 *(.fini5)
 *(.fini5)
 *(.fini4)
 *(.fini4)
 *(.fini3)
 *(.fini3)
 *(.fini2)
 *(.fini2)
 *(.fini1)
 *(.fini1)
 *(.fini0)
 .fini0         0x00001c22        0x4 c:/program files (x86)/atmel/studio/7.0/toolchain/avr8/avr8-gnu-toolchain/bin/../lib/gcc/avr/4.9.2/avr5\libgcc.a(_exit.o)
 *(.fini0)
                0x00001c26                _etext = .

.data           0x00800100       0x24 load address 0x00001c26
                0x00800100                PROVIDE (__data_start, .)
 *(.data)
 *(.data*)
 .data.xFreeBytesRemaining
                0x00800100        0x2 Source/portable/MemMang/heap_2.o
 .data.xNextTaskUnblockTime
                0x00800102        0x2 Source/tasks.o
 *(.rodata)
 *(.rodata*)
 .rodata.str1.1
                0x00800104        0xe ArduinoUnoFreertos.o
 .rodata.str1.1
                0x00800112        0x5 Source/tasks.o
 .rodata.str1.1
                0x00800117        0xd Source/timers.o
 *(.gnu.linkonce.d*)
                0x00800124                . = ALIGN (0x2)
                0x00800124                _edata = .
                0x00800124                PROVIDE (__data_end, .)

.bss            0x00800124      0x68b
                0x00800124                PROVIDE (__bss_start, .)
 *(.bss)
 *(.bss*)
 .bss.xHeapHasBeenInitialised.1903
                0x00800124        0x1 Source/portable/MemMang/heap_2.o
 .bss.xEnd      0x00800125        0x4 Source/portable/MemMang/heap_2.o
 .bss.xStart    0x00800129        0x4 Source/portable/MemMang/heap_2.o
 .bss.ucHeap    0x0080012d      0x5dc Source/portable/MemMang/heap_2.o
 .bss.uxSchedulerSuspended
                0x00800709        0x1 Source/tasks.o
 .bss.uxTaskNumber
                0x0080070a        0x1 Source/tasks.o
 .bss.xNumOfOverflows
                0x0080070b        0x1 Source/tasks.o
 .bss.xYieldPending
                0x0080070c        0x1 Source/tasks.o
 .bss.uxPendedTicks
                0x0080070d        0x1 Source/tasks.o
 .bss.xSchedulerRunning
                0x0080070e        0x1 Source/tasks.o
 .bss.uxTopReadyPriority
                0x0080070f        0x1 Source/tasks.o
 .bss.xTickCount
                0x00800710        0x2 Source/tasks.o
 .bss.uxCurrentNumberOfTasks
                0x00800712        0x1 Source/tasks.o
 .bss.xSuspendedTaskList
                0x00800713        0x9 Source/tasks.o
 .bss.uxTasksDeleted
                0x0080071c        0x1 Source/tasks.o
 .bss.xTasksWaitingTermination
                0x0080071d        0x9 Source/tasks.o
 .bss.xPendingReadyList
                0x00800726        0x9 Source/tasks.o
 .bss.pxOverflowDelayedTaskList
                0x0080072f        0x2 Source/tasks.o
 .bss.pxDelayedTaskList
                0x00800731        0x2 Source/tasks.o
 .bss.xDelayedTaskList2
                0x00800733        0x9 Source/tasks.o
 .bss.xDelayedTaskList1
                0x0080073c        0x9 Source/tasks.o
 .bss.pxReadyTasksLists
                0x00800745       0x24 Source/tasks.o
 .bss.pxCurrentTCB
                0x00800769        0x2 Source/tasks.o
                0x00800769                pxCurrentTCB
 .bss.xLastTime.2143
                0x0080076b        0x2 Source/timers.o
 .bss.xTimerQueue
                0x0080076d        0x2 Source/timers.o
 .bss.pxOverflowTimerList
                0x0080076f        0x2 Source/timers.o
 .bss.pxCurrentTimerList
                0x00800771        0x2 Source/timers.o
 .bss.xActiveTimerList2
                0x00800773        0x9 Source/timers.o
 .bss.xActiveTimerList1
                0x0080077c        0x9 Source/timers.o
 *(COMMON)
 COMMON         0x00800785        0x2 ArduinoUnoFreertos.o
                0x00800785                Timer_Function1
 COMMON         0x00800787       0x28 Source/queue.o
                0x00800787                xQueueRegistry
                0x008007af                PROVIDE (__bss_end, .)
                0x00001c26                __data_load_start = LOADADDR (.data)
                0x00001c4a                __data_load_end = (__data_load_start + SIZEOF (.data))

.noinit         0x008007af        0x0
                [!provide]                PROVIDE (__noinit_start, .)
 *(.noinit*)
                [!provide]                PROVIDE (__noinit_end, .)
                0x008007af                _end = .
                [!provide]                PROVIDE (__heap_start, .)

.eeprom         0x00810000        0x0
 *(.eeprom*)
                0x00810000                __eeprom_end = .

.fuse
 *(.fuse)
 *(.lfuse)
 *(.hfuse)
 *(.efuse)

.lock
 *(.lock*)

.signature
 *(.signature*)

.user_signatures
 *(.user_signatures*)

.stab
 *(.stab)

.stabstr
 *(.stabstr)

.stab.excl
 *(.stab.excl)

.stab.exclstr
 *(.stab.exclstr)

.stab.index
 *(.stab.index)

.stab.indexstr
 *(.stab.indexstr)

.comment        0x00000000       0x30
 *(.comment)
 .comment       0x00000000       0x30 ArduinoUnoFreertos.o
                                 0x31 (size before relaxing)
 .comment       0x00000030       0x31 Source/list.o
 .comment       0x00000030       0x31 Source/portable/GCC/Atmega328p/port.o
 .comment       0x00000030       0x31 Source/portable/MemMang/heap_2.o
 .comment       0x00000030       0x31 Source/queue.o
 .comment       0x00000030       0x31 Source/tasks.o
 .comment       0x00000030       0x31 Source/timers.o
 .comment       0x00000030       0x31 USART/USART.o

.note.gnu.avr.deviceinfo
                0x00000000       0x40
 .note.gnu.avr.deviceinfo
                0x00000000       0x40 C:/Program Files (x86)/Atmel/Studio/7.0/Packs/atmel/ATmega_DFP/1.1.130/gcc/dev/atmega328p/avr5/crtatmega328p.o

.note.gnu.build-id
 *(.note.gnu.build-id)

.debug
 *(.debug)

.line
 *(.line)

.debug_srcinfo
 *(.debug_srcinfo)

.debug_sfnames
 *(.debug_sfnames)

.debug_aranges  0x00000000      0x3c8
 *(.debug_aranges)
 .debug_aranges
                0x00000000       0x30 ArduinoUnoFreertos.o
 .debug_aranges
                0x00000030       0x40 Source/list.o
 .debug_aranges
                0x00000070       0x50 Source/portable/GCC/Atmega328p/port.o
 .debug_aranges
                0x000000c0       0x38 Source/portable/MemMang/heap_2.o
 .debug_aranges
                0x000000f8       0xe8 Source/queue.o
 .debug_aranges
                0x000001e0      0x140 Source/tasks.o
 .debug_aranges
                0x00000320       0x70 Source/timers.o
 .debug_aranges
                0x00000390       0x38 USART/USART.o

.debug_pubnames
 *(.debug_pubnames)

.debug_info     0x00000000     0x566f
 *(.debug_info .gnu.linkonce.wi.*)
 .debug_info    0x00000000      0x5f4 C:/Program Files (x86)/Atmel/Studio/7.0/Packs/atmel/ATmega_DFP/1.1.130/gcc/dev/atmega328p/avr5/crtatmega328p.o
 .debug_info    0x000005f4      0x4f3 ArduinoUnoFreertos.o
 .debug_info    0x00000ae7      0x2c6 Source/list.o
 .debug_info    0x00000dad      0x2de Source/portable/GCC/Atmega328p/port.o
 .debug_info    0x0000108b      0x338 Source/portable/MemMang/heap_2.o
 .debug_info    0x000013c3     0x148e Source/queue.o
 .debug_info    0x00002851     0x1cfc Source/tasks.o
 .debug_info    0x0000454d     0x1017 Source/timers.o
 .debug_info    0x00005564      0x10b USART/USART.o

.debug_abbrev   0x00000000     0x1654
 *(.debug_abbrev)
 .debug_abbrev  0x00000000      0x5a2 C:/Program Files (x86)/Atmel/Studio/7.0/Packs/atmel/ATmega_DFP/1.1.130/gcc/dev/atmega328p/avr5/crtatmega328p.o
 .debug_abbrev  0x000005a2      0x191 ArduinoUnoFreertos.o
 .debug_abbrev  0x00000733       0xf8 Source/list.o
 .debug_abbrev  0x0000082b      0x1ce Source/portable/GCC/Atmega328p/port.o
 .debug_abbrev  0x000009f9      0x1cc Source/portable/MemMang/heap_2.o
 .debug_abbrev  0x00000bc5      0x30e Source/queue.o
 .debug_abbrev  0x00000ed3      0x344 Source/tasks.o
 .debug_abbrev  0x00001217      0x35d Source/timers.o
 .debug_abbrev  0x00001574       0xe0 USART/USART.o

.debug_line     0x00000000     0x2b1d
 *(.debug_line .debug_line.* .debug_line_end)
 .debug_line    0x00000000      0x133 C:/Program Files (x86)/Atmel/Studio/7.0/Packs/atmel/ATmega_DFP/1.1.130/gcc/dev/atmega328p/avr5/crtatmega328p.o
 .debug_line    0x00000133      0x1bd ArduinoUnoFreertos.o
 .debug_line    0x000002f0      0x208 Source/list.o
 .debug_line    0x000004f8      0x2f4 Source/portable/GCC/Atmega328p/port.o
 .debug_line    0x000007ec      0x2ca Source/portable/MemMang/heap_2.o
 .debug_line    0x00000ab6      0xa49 Source/queue.o
 .debug_line    0x000014ff      0xfb0 Source/tasks.o
 .debug_line    0x000024af      0x538 Source/timers.o
 .debug_line    0x000029e7      0x136 USART/USART.o

.debug_frame    0x00000000      0xbbc
 *(.debug_frame)
 .debug_frame   0x00000000       0x6c ArduinoUnoFreertos.o
 .debug_frame   0x0000006c       0x88 Source/list.o
 .debug_frame   0x000000f4       0x90 Source/portable/GCC/Atmega328p/port.o
 .debug_frame   0x00000184       0x7c Source/portable/MemMang/heap_2.o
 .debug_frame   0x00000200      0x320 Source/queue.o
 .debug_frame   0x00000520      0x4bc Source/tasks.o
 .debug_frame   0x000009dc      0x180 Source/timers.o
 .debug_frame   0x00000b5c       0x60 USART/USART.o

.debug_str      0x00000000     0x198b
 *(.debug_str)
 .debug_str     0x00000000      0x208 C:/Program Files (x86)/Atmel/Studio/7.0/Packs/atmel/ATmega_DFP/1.1.130/gcc/dev/atmega328p/avr5/crtatmega328p.o
 .debug_str     0x00000208      0x2e8 ArduinoUnoFreertos.o
                                0x32c (size before relaxing)
 .debug_str     0x000004f0      0x12e Source/list.o
                                0x2d9 (size before relaxing)
 .debug_str     0x0000061e      0x16f Source/portable/GCC/Atmega328p/port.o
                                0x348 (size before relaxing)
 .debug_str     0x0000078d      0x17e Source/portable/MemMang/heap_2.o
                                0x33c (size before relaxing)
 .debug_str     0x0000090b      0x5a9 Source/queue.o
                                0x89e (size before relaxing)
 .debug_str     0x00000eb4      0x766 Source/tasks.o
                                0xcb3 (size before relaxing)
 .debug_str     0x0000161a      0x350 Source/timers.o
                                0x84c (size before relaxing)
 .debug_str     0x0000196a       0x21 USART/USART.o
                                0x1d0 (size before relaxing)

.debug_loc      0x00000000     0x4aae
 *(.debug_loc)
 .debug_loc     0x00000000      0x10c ArduinoUnoFreertos.o
 .debug_loc     0x0000010c      0x145 Source/list.o
 .debug_loc     0x00000251      0x2db Source/portable/GCC/Atmega328p/port.o
 .debug_loc     0x0000052c      0x2ef Source/portable/MemMang/heap_2.o
 .debug_loc     0x0000081b     0x1827 Source/queue.o
 .debug_loc     0x00002042     0x1e10 Source/tasks.o
 .debug_loc     0x00003e52      0xbae Source/timers.o
 .debug_loc     0x00004a00       0xae USART/USART.o

.debug_macinfo
 *(.debug_macinfo)

.debug_weaknames
 *(.debug_weaknames)

.debug_funcnames
 *(.debug_funcnames)

.debug_typenames
 *(.debug_typenames)

.debug_varnames
 *(.debug_varnames)

.debug_pubtypes
 *(.debug_pubtypes)

.debug_ranges   0x00000000      0x420
 *(.debug_ranges)
 .debug_ranges  0x00000000       0x20 ArduinoUnoFreertos.o
 .debug_ranges  0x00000020       0x30 Source/list.o
 .debug_ranges  0x00000050       0x40 Source/portable/GCC/Atmega328p/port.o
 .debug_ranges  0x00000090       0x28 Source/portable/MemMang/heap_2.o
 .debug_ranges  0x000000b8       0xd8 Source/queue.o
 .debug_ranges  0x00000190      0x1a8 Source/tasks.o
 .debug_ranges  0x00000338       0xc0 Source/timers.o
 .debug_ranges  0x000003f8       0x28 USART/USART.o

.debug_macro
 *(.debug_macro)
OUTPUT(ArduinoUnoFreertos.elf elf32-avr)
LOAD linker stubs
